Component: ARM Compiler 5.06 update 4 (build 422) Tool: armlink [4d35d2]

==============================================================================

Section Cross References

    system_stm32f4xx.o(i.SystemCoreClockUpdate) refers to system_stm32f4xx.o(.data) for SystemCoreClock
    system_stm32f4xx.o(i.SystemCoreClockUpdate) refers to system_stm32f4xx.o(.constdata) for AHBPrescTable
    cmsis_os.o(i.osDelay) refers to tasks.o(i.vTaskDelay) for vTaskDelay
    cmsis_os.o(i.osKernelRunning) refers to tasks.o(i.xTaskGetSchedulerState) for xTaskGetSchedulerState
    cmsis_os.o(i.osKernelStart) refers to tasks.o(i.vTaskStartScheduler) for vTaskStartScheduler
    cmsis_os.o(i.osKernelSysTick) refers to cmsis_os.o(i.inHandlerMode) for inHandlerMode
    cmsis_os.o(i.osKernelSysTick) refers to tasks.o(i.xTaskGetTickCountFromISR) for xTaskGetTickCountFromISR
    cmsis_os.o(i.osKernelSysTick) refers to tasks.o(i.xTaskGetTickCount) for xTaskGetTickCount
    cmsis_os.o(i.osMailAlloc) refers to cmsis_os.o(i.osPoolAlloc) for osPoolAlloc
    cmsis_os.o(i.osMailCAlloc) refers to cmsis_os.o(i.osMailAlloc) for osMailAlloc
    cmsis_os.o(i.osMailCreate) refers to heap_4.o(i.pvPortMalloc) for pvPortMalloc
    cmsis_os.o(i.osMailCreate) refers to queue.o(i.xQueueGenericCreate) for xQueueGenericCreate
    cmsis_os.o(i.osMailCreate) refers to heap_4.o(i.vPortFree) for vPortFree
    cmsis_os.o(i.osMailCreate) refers to cmsis_os.o(i.osPoolCreate) for osPoolCreate
    cmsis_os.o(i.osMailFree) refers to cmsis_os.o(i.osPoolFree) for osPoolFree
    cmsis_os.o(i.osMailGet) refers to cmsis_os.o(i.inHandlerMode) for inHandlerMode
    cmsis_os.o(i.osMailGet) refers to queue.o(i.xQueueReceiveFromISR) for xQueueReceiveFromISR
    cmsis_os.o(i.osMailGet) refers to queue.o(i.xQueueGenericReceive) for xQueueGenericReceive
    cmsis_os.o(i.osMailPut) refers to cmsis_os.o(i.inHandlerMode) for inHandlerMode
    cmsis_os.o(i.osMailPut) refers to queue.o(i.xQueueGenericSendFromISR) for xQueueGenericSendFromISR
    cmsis_os.o(i.osMailPut) refers to queue.o(i.xQueueGenericSend) for xQueueGenericSend
    cmsis_os.o(i.osMessageCreate) refers to queue.o(i.xQueueGenericCreate) for xQueueGenericCreate
    cmsis_os.o(i.osMessageGet) refers to cmsis_os.o(i.inHandlerMode) for inHandlerMode
    cmsis_os.o(i.osMessageGet) refers to queue.o(i.xQueueReceiveFromISR) for xQueueReceiveFromISR
    cmsis_os.o(i.osMessageGet) refers to queue.o(i.xQueueGenericReceive) for xQueueGenericReceive
    cmsis_os.o(i.osMessagePeek) refers to queue.o(i.xQueueGenericReceive) for xQueueGenericReceive
    cmsis_os.o(i.osMessagePut) refers to cmsis_os.o(i.inHandlerMode) for inHandlerMode
    cmsis_os.o(i.osMessagePut) refers to queue.o(i.xQueueGenericSendFromISR) for xQueueGenericSendFromISR
    cmsis_os.o(i.osMessagePut) refers to queue.o(i.xQueueGenericSend) for xQueueGenericSend
    cmsis_os.o(i.osMutexCreate) refers to queue.o(i.xQueueCreateMutex) for xQueueCreateMutex
    cmsis_os.o(i.osMutexDelete) refers to cmsis_os.o(i.inHandlerMode) for inHandlerMode
    cmsis_os.o(i.osMutexDelete) refers to queue.o(i.vQueueDelete) for vQueueDelete
    cmsis_os.o(i.osMutexRelease) refers to cmsis_os.o(i.inHandlerMode) for inHandlerMode
    cmsis_os.o(i.osMutexRelease) refers to queue.o(i.xQueueGiveFromISR) for xQueueGiveFromISR
    cmsis_os.o(i.osMutexRelease) refers to queue.o(i.xQueueGenericSend) for xQueueGenericSend
    cmsis_os.o(i.osMutexWait) refers to cmsis_os.o(i.inHandlerMode) for inHandlerMode
    cmsis_os.o(i.osMutexWait) refers to queue.o(i.xQueueReceiveFromISR) for xQueueReceiveFromISR
    cmsis_os.o(i.osMutexWait) refers to queue.o(i.xQueueGenericReceive) for xQueueGenericReceive
    cmsis_os.o(i.osPoolAlloc) refers to cmsis_os.o(i.inHandlerMode) for inHandlerMode
    cmsis_os.o(i.osPoolAlloc) refers to port.o(i.vPortEnterCritical) for vPortEnterCritical
    cmsis_os.o(i.osPoolAlloc) refers to port.o(i.vPortExitCritical) for vPortExitCritical
    cmsis_os.o(i.osPoolCAlloc) refers to cmsis_os.o(i.osPoolAlloc) for osPoolAlloc
    cmsis_os.o(i.osPoolCreate) refers to heap_4.o(i.pvPortMalloc) for pvPortMalloc
    cmsis_os.o(i.osPoolCreate) refers to heap_4.o(i.vPortFree) for vPortFree
    cmsis_os.o(i.osSemaphoreCreate) refers to queue.o(i.xQueueGenericCreate) for xQueueGenericCreate
    cmsis_os.o(i.osSemaphoreCreate) refers to queue.o(i.xQueueGenericSend) for xQueueGenericSend
    cmsis_os.o(i.osSemaphoreDelete) refers to cmsis_os.o(i.inHandlerMode) for inHandlerMode
    cmsis_os.o(i.osSemaphoreDelete) refers to queue.o(i.vQueueDelete) for vQueueDelete
    cmsis_os.o(i.osSemaphoreRelease) refers to cmsis_os.o(i.inHandlerMode) for inHandlerMode
    cmsis_os.o(i.osSemaphoreRelease) refers to queue.o(i.xQueueGiveFromISR) for xQueueGiveFromISR
    cmsis_os.o(i.osSemaphoreRelease) refers to queue.o(i.xQueueGenericSend) for xQueueGenericSend
    cmsis_os.o(i.osSemaphoreWait) refers to cmsis_os.o(i.inHandlerMode) for inHandlerMode
[...]
    ../clib/microlib/printf/printf.c         0x00000000   Number         0  printf4.o ABSOLUTE
    ../clib/microlib/printf/printf.c         0x00000000   Number         0  printf3.o ABSOLUTE
    ../clib/microlib/printf/printf.c         0x00000000   Number         0  printf2.o ABSOLUTE
    ../clib/microlib/printf/printf.c         0x00000000   Number         0  printfb.o ABSOLUTE
    ../clib/microlib/printf/stubs.s          0x00000000   Number         0  stubs.o ABSOLUTE
    ../clib/microlib/stdio/fputc.c           0x00000000   Number         0  fputc.o ABSOLUTE
    ../clib/microlib/stdio/semi.s            0x00000000   Number         0  semi.o ABSOLUTE
    ../clib/microlib/stdio/streams.c         0x00000000   Number         0  stdout.o ABSOLUTE
    ../clib/microlib/string/memcpy.c         0x00000000   Number         0  memcpyb.o ABSOLUTE
    ../clib/microlib/string/memcpy.c         0x00000000   Number         0  memcpya.o ABSOLUTE
    ../clib/microlib/string/memset.c         0x00000000   Number         0  memseta.o ABSOLUTE
    ../clib/microlib/stubs.s                 0x00000000   Number         0  iusesemip.o ABSOLUTE
    ../clib/microlib/stubs.s                 0x00000000   Number         0  iusefp.o ABSOLUTE
    ../fplib/microlib/f2d.c                  0x00000000   Number         0  f2d.o ABSOLUTE
    ../fplib/microlib/fpadd.c                0x00000000   Number         0  dadd.o ABSOLUTE
    ../fplib/microlib/fpdiv.c                0x00000000   Number         0  ddiv.o ABSOLUTE
    ../fplib/microlib/fpepilogue.c           0x00000000   Number         0  depilogue.o ABSOLUTE
    ../fplib/microlib/fpfix.c                0x00000000   Number         0  dfixul.o ABSOLUTE
    ../fplib/microlib/fpmul.c                0x00000000   Number         0  dmul.o ABSOLUTE
    ..\Drivers\STM32F4xx_HAL_Driver\Src\stm32f4xx_hal.c 0x00000000   Number         0  stm32f4xx_hal.o ABSOLUTE
    ..\Drivers\STM32F4xx_HAL_Driver\Src\stm32f4xx_hal_cortex.c 0x00000000   Number         0  stm32f4xx_hal_cortex.o ABSOLUTE
    ..\Drivers\STM32F4xx_HAL_Driver\Src\stm32f4xx_hal_dma.c 0x00000000   Number         0  stm32f4xx_hal_dma.o ABSOLUTE
    ..\Drivers\STM32F4xx_HAL_Driver\Src\stm32f4xx_hal_dma_ex.c 0x00000000   Number         0  stm32f4xx_hal_dma_ex.o ABSOLUTE
    ..\Drivers\STM32F4xx_HAL_Driver\Src\stm32f4xx_hal_flash.c 0x00000000   Number         0  stm32f4xx_hal_flash.o ABSOLUTE
    ..\Drivers\STM32F4xx_HAL_Driver\Src\stm32f4xx_hal_flash_ex.c 0x00000000   Number         0  stm32f4xx_hal_flash_ex.o ABSOLUTE
    ..\Drivers\STM32F4xx_HAL_Driver\Src\stm32f4xx_hal_flash_ramfunc.c 0x00000000   Number         0  stm32f4xx_hal_flash_ramfunc.o ABSOLUTE
    ..\Drivers\STM32F4xx_HAL_Driver\Src\stm32f4xx_hal_gpio.c 0x00000000   Number         0  stm32f4xx_hal_gpio.o ABSOLUTE
    ..\Drivers\STM32F4xx_HAL_Driver\Src\stm32f4xx_hal_pwr.c 0x00000000   Number         0  stm32f4xx_hal_pwr.o ABSOLUTE
    ..\Drivers\STM32F4xx_HAL_Driver\Src\stm32f4xx_hal_pwr_ex.c 0x00000000   Number         0  stm32f4xx_hal_pwr_ex.o ABSOLUTE
    ..\Drivers\STM32F4xx_HAL_Driver\Src\stm32f4xx_hal_rcc.c 0x00000000   Number         0  stm32f4xx_hal_rcc.o ABSOLUTE
    ..\Drivers\STM32F4xx_HAL_Driver\Src\stm32f4xx_hal_rcc_ex.c 0x00000000   Number         0  stm32f4xx_hal_rcc_ex.o ABSOLUTE
    ..\Drivers\STM32F4xx_HAL_Driver\Src\stm32f4xx_hal_spi.c 0x00000000   Number         0  stm32f4xx_hal_spi.o ABSOLUTE
    ..\Drivers\STM32F4xx_HAL_Driver\Src\stm32f4xx_hal_tim.c 0x00000000   Number         0  stm32f4xx_hal_tim.o ABSOLUTE
    ..\Drivers\STM32F4xx_HAL_Driver\Src\stm32f4xx_hal_tim_ex.c 0x00000000   Number         0  stm32f4xx_hal_tim_ex.o ABSOLUTE
    ..\Middlewares\Third_Party\FreeRTOS\Source\CMSIS_RTOS\cmsis_os.c 0x00000000   Number         0  cmsis_os.o ABSOLUTE
    ..\Middlewares\Third_Party\FreeRTOS\Source\croutine.c 0x00000000   Number         0  croutine.o ABSOLUTE
    ..\Middlewares\Third_Party\FreeRTOS\Source\event_groups.c 0x00000000   Number         0  event_groups.o ABSOLUTE
    ..\Middlewares\Third_Party\FreeRTOS\Source\list.c 0x00000000   Number         0  list.o ABSOLUTE
    ..\Middlewares\Third_Party\FreeRTOS\Source\portable\MemMang\heap_4.c 0x00000000   Number         0  heap_4.o ABSOLUTE
    ..\Middlewares\Third_Party\FreeRTOS\Source\portable\RVDS\ARM_CM4F\port.c 0x00000000   Number         0  port.o ABSOLUTE
    ..\Middlewares\Third_Party\FreeRTOS\Source\queue.c 0x00000000   Number         0  queue.o ABSOLUTE
    ..\Middlewares\Third_Party\FreeRTOS\Source\tasks.c 0x00000000   Number         0  tasks.o ABSOLUTE
    ..\Middlewares\Third_Party\FreeRTOS\Source\timers.c 0x00000000   Number         0  timers.o ABSOLUTE
    ..\Src\ADC.c                             0x00000000   Number         0  adc.o ABSOLUTE
    ..\Src\FLASH.c                           0x00000000   Number         0  flash.o ABSOLUTE
    ..\Src\PAGE.c                            0x00000000   Number         0  page.o ABSOLUTE
    ..\Src\TFT.c                             0x00000000   Number         0  tft.o ABSOLUTE
    ..\Src\THYRISTORS.c                      0x00000000   Number         0  thyristors.o ABSOLUTE
    ..\Src\freertos.c                        0x00000000   Number         0  freertos.o ABSOLUTE
    ..\Src\main.c                            0x00000000   Number         0  main.o ABSOLUTE
    ..\Src\stm32f4xx_hal_msp.c               0x00000000   Number         0  stm32f4xx_hal_msp.o ABSOLUTE
    ..\Src\stm32f4xx_it.c                    0x00000000   Number         0  stm32f4xx_it.o ABSOLUTE
    ..\Src\system_stm32f4xx.c                0x00000000   Number         0  system_stm32f4xx.o ABSOLUTE
    ..\\Src\\ADC.c                           0x00000000   Number         0  adc.o ABSOLUTE
    ..\\Src\\FLASH.c                         0x00000000   Number         0  flash.o ABSOLUTE
    ..\\Src\\PAGE.c                          0x00000000   Number         0  page.o ABSOLUTE
    ..\\Src\\TFT.c                           0x00000000   Number         0  tft.o ABSOLUTE
    ..\\Src\\THYRISTORS.c                    0x00000000   Number         0  thyristors.o ABSOLUTE
    cdrcmple.s                               0x00000000   Number         0  cdrcmple.o ABSOLUTE
    dc.s                                     0x00000000   Number         0  dc.o ABSOLUTE
    handlers.s                               0x00000000   Number         0  handlers.o ABSOLUTE
    init.s                                   0x00000000   Number         0  init.o ABSOLUTE
    startup_stm32f429xx.s                    0x00000000   Number         0  startup_stm32f429xx.o ABSOLUTE
    RESET                                    0x08000000   Section      428  startup_stm32f429xx.o(RESET)
    .ARM.Collect$$$$00000000                 0x080001ac   Section        0  entry.o(.ARM.Collect$$$$00000000)
    .ARM.Collect$$$$00000001                 0x080001ac   Section        4  entry2.o(.ARM.Collect$$$$00000001)
    .ARM.Collect$$$$00000004                 0x080001b0   Section        4  entry5.o(.ARM.Collect$$$$00000004)
    .ARM.Collect$$$$00000008                 0x080001b4   Section        0  entry7b.o(.ARM.Collect$$$$00000008)
    .ARM.Collect$$$$0000000A                 0x080001b4   Section        0  entry8b.o(.ARM.Collect$$$$0000000A)
    .ARM.Collect$$$$0000000B                 0x080001b4   Section        8  entry9a.o(.ARM.Collect$$$$0000000B)
    .ARM.Collect$$$$0000000D                 0x080001bc   Section        0  entry10a.o(.ARM.Collect$$$$0000000D)
    .ARM.Collect$$$$0000000F                 0x080001bc   Section        0  entry11a.o(.ARM.Collect$$$$0000000F)
    .ARM.Collect$$$$00002712                 0x080001bc   Section        4  entry2.o(.ARM.Collect$$$$00002712)
    __lit__00000000                          0x080001bc   Data           4  entry2.o(.ARM.Collect$$$$00002712)
    .emb_text                                0x080001c0   Section      186  port.o(.emb_text)
    $v0                                      0x080001c0   Number         0  port.o(.emb_text)
    .text                                    0x0800027c   Section       36  startup_stm32f429xx.o(.text)
    $v0                                      0x0800027c   Number         0  startup_stm32f429xx.o(.text)
    .text                                    0x080002a0   Section        0  memcpya.o(.text)
    .text                                    0x080002c4   Section        0  memseta.o(.text)
    .text                                    0x080002e8   Section        0  f2d.o(.text)
    .text                                    0x0800030e   Section        0  uidiv.o(.text)
    .text                                    0x0800033a   Section        0  uldiv.o(.text)
    .text                                    0x0800039c   Section        0  dadd.o(.text)
    .text                                    0x0800039c   Section        0  iusefp.o(.text)
    .text                                    0x080004ea   Section        0  dmul.o(.text)
    .text                                    0x080005ce   Section        0  ddiv.o(.text)
    .text                                    0x080006ac   Section        0  dfixul.o(.text)
    .text                                    0x080006dc   Section       48  cdrcmple.o(.text)
    .text                                    0x0800070c   Section       36  init.o(.text)
    .text                                    0x08000730   Section        0  llshl.o(.text)
    .text                                    0x0800074e   Section        0  llushr.o(.text)
    .text                                    0x0800076e   Section        0  llsshr.o(.text)
    .text                                    0x08000792   Section        0  depilogue.o(.text)
    i.BusFault_Handler                       0x0800084c   Section        0  stm32f4xx_it.o(i.BusFault_Handler)
    i.DebugMon_Handler                       0x08000850   Section        0  stm32f4xx_it.o(i.DebugMon_Handler)
    i.EXTI15_10_IRQHandler                   0x08000852   Section        0  stm32f4xx_it.o(i.EXTI15_10_IRQHandler)
    i.Error_Handler                          0x0800085e   Section        0  main.o(i.Error_Handler)
    i.HAL_Delay                              0x08000862   Section        0  stm32f4xx_hal.o(i.HAL_Delay)
    i.HAL_GPIO_EXTI_Callback                 0x0800087c   Section        0  stm32f4xx_hal_gpio.o(i.HAL_GPIO_EXTI_Callback)
    i.HAL_GPIO_EXTI_IRQHandler               0x08000880   Section        0  stm32f4xx_hal_gpio.o(i.HAL_GPIO_EXTI_IRQHandler)
    i.HAL_GPIO_Init                          0x0800089c   Section        0  stm32f4xx_hal_gpio.o(i.HAL_GPIO_Init)
    i.HAL_GPIO_WritePin                      0x08000ab8   Section        0  stm32f4xx_hal_gpio.o(i.HAL_GPIO_WritePin)
    i.HAL_GetTick                            0x08000ac4   Section        0  stm32f4xx_hal.o(i.HAL_GetTick)
    i.HAL_IncTick                            0x08000ad0   Section        0  stm32f4xx_hal.o(i.HAL_IncTick)
    i.HAL_Init                               0x08000ae0   Section        0  stm32f4xx_hal.o(i.HAL_Init)
    i.HAL_InitTick                           0x08000b1c   Section        0  stm32f4xx_hal.o(i.HAL_InitTick)
    i.HAL_MspInit                            0x08000b44   Section        0  stm32f4xx_hal_msp.o(i.HAL_MspInit)
    i.HAL_NVIC_EnableIRQ                     0x08000b9a   Section        0  stm32f4xx_hal_cortex.o(i.HAL_NVIC_EnableIRQ)
    i.HAL_NVIC_SetPriority                   0x08000bb4   Section        0  stm32f4xx_hal_cortex.o(i.HAL_NVIC_SetPriority)
    i.HAL_NVIC_SetPriorityGrouping           0x08000c30   Section        0  stm32f4xx_hal_cortex.o(i.HAL_NVIC_SetPriorityGrouping)
    i.HAL_PWREx_EnableOverDrive              0x08000c58   Section        0  stm32f4xx_hal_pwr_ex.o(i.HAL_PWREx_EnableOverDrive)
    i.HAL_RCC_ClockConfig                    0x08000cfc   Section        0  stm32f4xx_hal_rcc.o(i.HAL_RCC_ClockConfig)
    i.HAL_RCC_GetHCLKFreq                    0x08000ecc   Section        0  stm32f4xx_hal_rcc.o(i.HAL_RCC_GetHCLKFreq)
    i.HAL_RCC_GetSysClockFreq                0x08000ed8   Section        0  stm32f4xx_hal_rcc.o(i.HAL_RCC_GetSysClockFreq)
    i.HAL_RCC_OscConfig                      0x08000f8c   Section        0  stm32f4xx_hal_rcc.o(i.HAL_RCC_OscConfig)
    i.HAL_SPI_Init                           0x080013d8   Section        0  stm32f4xx_hal_spi.o(i.HAL_SPI_Init)
    i.HAL_SPI_MspInit                        0x08001464   Section        0  stm32f4xx_hal_msp.o(i.HAL_SPI_MspInit)
    i.HAL_SPI_Transmit                       0x080014c0   Section        0  stm32f4xx_hal_spi.o(i.HAL_SPI_Transmit)
    i.HAL_SYSTICK_CLKSourceConfig            0x08001666   Section        0  stm32f4xx_hal_cortex.o(i.HAL_SYSTICK_CLKSourceConfig)
    i.HAL_SYSTICK_Config                     0x0800168e   Section        0  stm32f4xx_hal_cortex.o(i.HAL_SYSTICK_Config)
    i.HAL_TIMEx_BreakCallback                0x080016c2   Section        0  stm32f4xx_hal_tim_ex.o(i.HAL_TIMEx_BreakCallback)
    i.HAL_TIMEx_CommutationCallback          0x080016c4   Section        0  stm32f4xx_hal_tim_ex.o(i.HAL_TIMEx_CommutationCallback)
    i.HAL_TIMEx_MasterConfigSynchronization  0x080016c6   Section        0  stm32f4xx_hal_tim_ex.o(i.HAL_TIMEx_MasterConfigSynchronization)
    i.HAL_TIM_Base_Init                      0x08001728   Section        0  stm32f4xx_hal_tim.o(i.HAL_TIM_Base_Init)
    i.HAL_TIM_Base_MspInit                   0x0800175c   Section        0  stm32f4xx_hal_msp.o(i.HAL_TIM_Base_MspInit)
    i.HAL_TIM_ConfigClockSource              0x08001984   Section        0  stm32f4xx_hal_tim.o(i.HAL_TIM_ConfigClockSource)
    i.HAL_TIM_IC_CaptureCallback             0x08001ab6   Section        0  stm32f4xx_hal_tim.o(i.HAL_TIM_IC_CaptureCallback)
    i.HAL_TIM_IRQHandler                     0x08001ab8   Section        0  stm32f4xx_hal_tim.o(i.HAL_TIM_IRQHandler)
    i.HAL_TIM_OC_DelayElapsedCallback        0x08001c4e   Section        0  stm32f4xx_hal_tim.o(i.HAL_TIM_OC_DelayElapsedCallback)
    i.HAL_TIM_OnePulse_Init                  0x08001c50   Section        0  stm32f4xx_hal_tim.o(i.HAL_TIM_OnePulse_Init)
    i.HAL_TIM_OnePulse_MspInit               0x08001c9c   Section        0  stm32f4xx_hal_msp.o(i.HAL_TIM_OnePulse_MspInit)
    i.HAL_TIM_PWM_PulseFinishedCallback      0x08001d20   Section        0  stm32f4xx_hal_tim.o(i.HAL_TIM_PWM_PulseFinishedCallback)
    i.HAL_TIM_PeriodElapsedCallback          0x08001d22   Section        0  stm32f4xx_hal_tim.o(i.HAL_TIM_PeriodElapsedCallback)
    i.HAL_TIM_TriggerCallback                0x08001d24   Section        0  stm32f4xx_hal_tim.o(i.HAL_TIM_TriggerCallback)
    i.HardFault_Handler                      0x08001d26   Section        0  stm32f4xx_it.o(i.HardFault_Handler)
    i.LCD_Alarm                              0x08001d2c   Section        0  page.o(i.LCD_Alarm)
    i.LCD_Current                            0x08001df4   Section        0  page.o(i.LCD_Current)
    i.LCD_DrawPixel                          0x080021f4   Section        0  tft.o(i.LCD_DrawPixel)
    i.LCD_DrawString                         0x0800221c   Section        0  tft.o(i.LCD_DrawString)
    i.LCD_DrawString_2                       0x0800223c   Section        0  tft.o(i.LCD_DrawString_2)
    i.LCD_Fill                               0x0800225c   Section        0  tft.o(i.LCD_Fill)
    i.LCD_Fill_Rectangle                     0x08002296   Section        0  tft.o(i.LCD_Fill_Rectangle)
    i.LCD_Init                               0x080022f0   Section        0  tft.o(i.LCD_Init)
    i.LCD_Input                              0x08002584   Section        0  page.o(i.LCD_Input)
    i.LCD_Output                             0x08002938   Section        0  page.o(i.LCD_Output)
    i.LCD_PI                                 0x08002b50   Section        0  page.o(i.LCD_PI)
    i.LCD_Page                               0x08002f7c   Section        0  page.o(i.LCD_Page)
    i.LCD_Putchar                            0x08003cc8   Section        0  tft.o(i.LCD_Putchar)
    i.LCD_Putchar_2                          0x08003d48   Section        0  tft.o(i.LCD_Putchar_2)
    i.LCD_SendCommand                        0x08003de0   Section        0  tft.o(i.LCD_SendCommand)
    i.LCD_SendData                           0x08003e24   Section        0  tft.o(i.LCD_SendData)
    i.LCD_SetCursorPosition                  0x08003e40   Section        0  tft.o(i.LCD_SetCursorPosition)
    i.LCD_Synchro                            0x08003e8c   Section        0  page.o(i.LCD_Synchro)
    i.LCD_Transforms                         0x08003fe0   Section        0  page.o(i.LCD_Transforms)
    i.LCD_Transforms_setting                 0x08004bd8   Section        0  page.o(i.LCD_Transforms_setting)
    i.MX_GPIO_Init                           0x080052fc   Section        0  main.o(i.MX_GPIO_Init)
    MX_GPIO_Init                             0x080052fd   Thumb Code   664  main.o(i.MX_GPIO_Init)
    i.MX_SPI3_Init                           0x080055b8   Section        0  main.o(i.MX_SPI3_Init)
    MX_SPI3_Init                             0x080055b9   Thumb Code    58  main.o(i.MX_SPI3_Init)
    i.MX_TIM10_Init                          0x080055fc   Section        0  main.o(i.MX_TIM10_Init)
    MX_TIM10_Init                            0x080055fd   Thumb Code    48  main.o(i.MX_TIM10_Init)
    i.MX_TIM11_Init                          0x08005634   Section        0  main.o(i.MX_TIM11_Init)
    MX_TIM11_Init                            0x08005635   Thumb Code    48  main.o(i.MX_TIM11_Init)
    i.MX_TIM14_Init                          0x0800566c   Section        0  main.o(i.MX_TIM14_Init)
    MX_TIM14_Init                            0x0800566d   Thumb Code    48  main.o(i.MX_TIM14_Init)
    i.MX_TIM2_Init                           0x080056a4   Section        0  main.o(i.MX_TIM2_Init)
    MX_TIM2_Init                             0x080056a5   Thumb Code    94  main.o(i.MX_TIM2_Init)
    i.MX_TIM3_Init                           0x08005708   Section        0  main.o(i.MX_TIM3_Init)
    MX_TIM3_Init                             0x08005709   Thumb Code    92  main.o(i.MX_TIM3_Init)
    i.MX_TIM4_Init                           0x0800576c   Section        0  main.o(i.MX_TIM4_Init)
    MX_TIM4_Init                             0x0800576d   Thumb Code    92  main.o(i.MX_TIM4_Init)
    i.MX_TIM5_Init                           0x080057d0   Section        0  main.o(i.MX_TIM5_Init)
    MX_TIM5_Init                             0x080057d1   Thumb Code    92  main.o(i.MX_TIM5_Init)
    i.MX_TIM6_Init                           0x08005834   Section        0  main.o(i.MX_TIM6_Init)
    MX_TIM6_Init                             0x08005835   Thumb Code    66  main.o(i.MX_TIM6_Init)
    i.MX_TIM7_Init                           0x08005880   Section        0  main.o(i.MX_TIM7_Init)
    MX_TIM7_Init                             0x08005881   Thumb Code    66  main.o(i.MX_TIM7_Init)
    i.MX_TIM8_Init                           0x080058cc   Section        0  main.o(i.MX_TIM8_Init)
    MX_TIM8_Init                             0x080058cd   Thumb Code    38  main.o(i.MX_TIM8_Init)
    i.MX_TIM9_Init                           0x080058fc   Section        0  main.o(i.MX_TIM9_Init)
    MX_TIM9_Init                             0x080058fd   Thumb Code    36  main.o(i.MX_TIM9_Init)
    i.MemManage_Handler                      0x08005928   Section        0  stm32f4xx_it.o(i.MemManage_Handler)
    i.NMI_Handler                            0x0800592c   Section        0  stm32f4xx_it.o(i.NMI_Handler)
    i.NVIC_GetPriorityGrouping               0x08005930   Section        0  stm32f4xx_hal_cortex.o(i.NVIC_GetPriorityGrouping)
    NVIC_GetPriorityGrouping                 0x08005931   Thumb Code    10  stm32f4xx_hal_cortex.o(i.NVIC_GetPriorityGrouping)
    i.NVIC_SetPriority                       0x08005940   Section        0  stm32f4xx_hal_cortex.o(i.NVIC_SetPriority)
    NVIC_SetPriority                         0x08005941   Thumb Code    32  stm32f4xx_hal_cortex.o(i.NVIC_SetPriority)
    i.SPI_CheckFlag_BSY                      0x08005968   Section        0  stm32f4xx_hal_spi.o(i.SPI_CheckFlag_BSY)
    SPI_CheckFlag_BSY                        0x08005969   Thumb Code    40  stm32f4xx_hal_spi.o(i.SPI_CheckFlag_BSY)
    i.SPI_WaitFlagStateUntilTimeout          0x08005990   Section        0  stm32f4xx_hal_spi.o(i.SPI_WaitFlagStateUntilTimeout)
    SPI_WaitFlagStateUntilTimeout            0x08005991   Thumb Code   170  stm32f4xx_hal_spi.o(i.SPI_WaitFlagStateUntilTimeout)
    i.StartDefaultTask                       0x08005a3a   Section        0  main.o(i.StartDefaultTask)
    i.SysTick_Handler                        0x08005a44   Section        0  stm32f4xx_it.o(i.SysTick_Handler)
    i.SystemClock_Config                     0x08005a50   Section        0  main.o(i.SystemClock_Config)
    i.SystemInit                             0x08005b20   Section        0  system_stm32f4xx.o(i.SystemInit)
    i.TIM1_UP_TIM10_IRQHandler               0x08005b84   Section        0  stm32f4xx_it.o(i.TIM1_UP_TIM10_IRQHandler)
    i.TIM2_IRQHandler                        0x08005b94   Section        0  stm32f4xx_it.o(i.TIM2_IRQHandler)
    i.TIM3_IRQHandler                        0x08005ba4   Section        0  stm32f4xx_it.o(i.TIM3_IRQHandler)
    i.TIM4_IRQHandler                        0x08005bb4   Section        0  stm32f4xx_it.o(i.TIM4_IRQHandler)
    i.TIM5_IRQHandler                        0x08005bc4   Section        0  stm32f4xx_it.o(i.TIM5_IRQHandler)
    i.TIM6_DAC_IRQHandler                    0x08005bd4   Section        0  stm32f4xx_it.o(i.TIM6_DAC_IRQHandler)
    i.TIM7_IRQHandler                        0x08005be4   Section        0  stm32f4xx_it.o(i.TIM7_IRQHandler)
    i.TIM8_TRG_COM_TIM14_IRQHandler          0x08005bf4   Section        0  stm32f4xx_it.o(i.TIM8_TRG_COM_TIM14_IRQHandler)
    i.TIM8_UP_TIM13_IRQHandler               0x08005c0c   Section        0  stm32f4xx_it.o(i.TIM8_UP_TIM13_IRQHandler)
    i.TIM_Base_SetConfig                     0x08005c1c   Section        0  stm32f4xx_hal_tim.o(i.TIM_Base_SetConfig)
    i.TIM_ETR_SetConfig                      0x08005d00   Section        0  stm32f4xx_hal_tim.o(i.TIM_ETR_SetConfig)
    TIM_ETR_SetConfig                        0x08005d01   Thumb Code    24  stm32f4xx_hal_tim.o(i.TIM_ETR_SetConfig)
    i.TIM_ITRx_SetConfig                     0x08005d18   Section        0  stm32f4xx_hal_tim.o(i.TIM_ITRx_SetConfig)
    TIM_ITRx_SetConfig                       0x08005d19   Thumb Code    20  stm32f4xx_hal_tim.o(i.TIM_ITRx_SetConfig)
    i.TIM_TI1_ConfigInputStage               0x08005d2c   Section        0  stm32f4xx_hal_tim.o(i.TIM_TI1_ConfigInputStage)
    TIM_TI1_ConfigInputStage                 0x08005d2d   Thumb Code    42  stm32f4xx_hal_tim.o(i.TIM_TI1_ConfigInputStage)
    i.TIM_TI2_ConfigInputStage               0x08005d56   Section        0  stm32f4xx_hal_tim.o(i.TIM_TI2_ConfigInputStage)
    TIM_TI2_ConfigInputStage                 0x08005d57   Thumb Code    44  stm32f4xx_hal_tim.o(i.TIM_TI2_ConfigInputStage)
    i.UsageFault_Handler                     0x08005d82   Section        0  stm32f4xx_it.o(i.UsageFault_Handler)
    i.__0sprintf                             0x08005d88   Section        0  printfa.o(i.__0sprintf)
    i.__scatterload_copy                     0x08005db0   Section       14  handlers.o(i.__scatterload_copy)
    i.__scatterload_null                     0x08005dbe   Section        2  handlers.o(i.__scatterload_null)
    i.__scatterload_zeroinit                 0x08005dc0   Section       14  handlers.o(i.__scatterload_zeroinit)
    i._fp_digits                             0x08005dd0   Section        0  printfa.o(i._fp_digits)
    _fp_digits                               0x08005dd1   Thumb Code   366  printfa.o(i._fp_digits)
    i._printf_core                           0x08005f54   Section        0  printfa.o(i._printf_core)
    _printf_core                             0x08005f55   Thumb Code  1744  printfa.o(i._printf_core)
    i._printf_post_padding                   0x08006630   Section        0  printfa.o(i._printf_post_padding)
    _printf_post_padding                     0x08006631   Thumb Code    36  printfa.o(i._printf_post_padding)
    i._printf_pre_padding                    0x08006654   Section        0  printfa.o(i._printf_pre_padding)
    _printf_pre_padding                      0x08006655   Thumb Code    46  printfa.o(i._printf_pre_padding)
    i._show_page                             0x08006682   Section        0  main.o(i._show_page)
    i._sputc                                 0x08006764   Section        0  printfa.o(i._sputc)
    _sputc                                   0x08006765   Thumb Code    10  printfa.o(i._sputc)
    i.main                                   0x08006770   Section        0  main.o(i.main)
    i.makeFreeRtosPriority                   0x080068b4   Section        0  cmsis_os.o(i.makeFreeRtosPriority)
    makeFreeRtosPriority                     0x080068b5   Thumb Code    14  cmsis_os.o(i.makeFreeRtosPriority)
    i.osDelay                                0x080068c2   Section        0  cmsis_os.o(i.osDelay)
    i.osKernelStart                          0x080068da   Section        0  cmsis_os.o(i.osKernelStart)
    i.osSystickHandler                       0x080068e4   Section        0  cmsis_os.o(i.osSystickHandler)
    i.osThreadCreate                         0x080068f4   Section        0  cmsis_os.o(i.osThreadCreate)
    i.pages_show                             0x08006930   Section        0  main.o(i.pages_show)
    i.prvAddCurrentTaskToDelayedList         0x08006944   Section        0  tasks.o(i.prvAddCurrentTaskToDelayedList)
    prvAddCurrentTaskToDelayedList           0x08006945   Thumb Code    62  tasks.o(i.prvAddCurrentTaskToDelayedList)
    i.prvAllocateTCBAndStack                 0x08006998   Section        0  tasks.o(i.prvAllocateTCBAndStack)
    prvAllocateTCBAndStack                   0x08006999   Thumb Code    66  tasks.o(i.prvAllocateTCBAndStack)
    i.prvCheckTasksWaitingTermination        0x080069dc   Section        0  tasks.o(i.prvCheckTasksWaitingTermination)
    prvCheckTasksWaitingTermination          0x080069dd   Thumb Code    86  tasks.o(i.prvCheckTasksWaitingTermination)
    i.prvDeleteTCB                           0x08006a40   Section        0  tasks.o(i.prvDeleteTCB)
    prvDeleteTCB                             0x08006a41   Thumb Code    18  tasks.o(i.prvDeleteTCB)
    i.prvHeapInit                            0x08006a54   Section        0  heap_4.o(i.prvHeapInit)
    prvHeapInit                              0x08006a55   Thumb Code    98  heap_4.o(i.prvHeapInit)
    i.prvIdleTask                            0x08006ad0   Section        0  tasks.o(i.prvIdleTask)
    prvIdleTask                              0x08006ad1   Thumb Code    32  tasks.o(i.prvIdleTask)
    i.prvInitialiseTCBVariables              0x08006af8   Section        0  tasks.o(i.prvInitialiseTCBVariables)
    prvInitialiseTCBVariables                0x08006af9   Thumb Code    98  tasks.o(i.prvInitialiseTCBVariables)
    i.prvInitialiseTaskLists                 0x08006b5c   Section        0  tasks.o(i.prvInitialiseTaskLists)
    prvInitialiseTaskLists                   0x08006b5d   Thumb Code    70  tasks.o(i.prvInitialiseTaskLists)
    i.prvInsertBlockIntoFreeList             0x08006bc4   Section        0  heap_4.o(i.prvInsertBlockIntoFreeList)
    prvInsertBlockIntoFreeList               0x08006bc5   Thumb Code    96  heap_4.o(i.prvInsertBlockIntoFreeList)
    i.prvResetNextTaskUnblockTime            0x08006c2c   Section        0  tasks.o(i.prvResetNextTaskUnblockTime)
    prvResetNextTaskUnblockTime              0x08006c2d   Thumb Code    42  tasks.o(i.prvResetNextTaskUnblockTime)
    i.prvTaskExitError                       0x08006c60   Section        0  port.o(i.prvTaskExitError)
    prvTaskExitError                         0x08006c61   Thumb Code    60  port.o(i.prvTaskExitError)
    i.pvPortMalloc                           0x08006ca0   Section        0  heap_4.o(i.pvPortMalloc)
    i.pxPortInitialiseStack                  0x08006ddc   Section        0  port.o(i.pxPortInitialiseStack)
    i.spi3_send                              0x08006e04   Section        0  tft.o(i.spi3_send)
    i.uxListRemove                           0x08006e18   Section        0  list.o(i.uxListRemove)
    i.vListInitialise                        0x08006e40   Section        0  list.o(i.vListInitialise)
    i.vListInitialiseItem                    0x08006e5a   Section        0  list.o(i.vListInitialiseItem)
    i.vListInsert                            0x08006e60   Section        0  list.o(i.vListInsert)
    i.vListInsertEnd                         0x08006e94   Section        0  list.o(i.vListInsertEnd)
    i.vPortEnterCritical                     0x08006eac   Section        0  port.o(i.vPortEnterCritical)
    i.vPortExitCritical                      0x08006f00   Section        0  port.o(i.vPortExitCritical)
    i.vPortFree                              0x08006f3c   Section        0  heap_4.o(i.vPortFree)
    i.vPortSetupTimerInterrupt               0x08006fd0   Section        0  port.o(i.vPortSetupTimerInterrupt)
    i.vTaskDelay                             0x08006ff0   Section        0  tasks.o(i.vTaskDelay)
    i.vTaskStartScheduler                    0x0800707c   Section        0  tasks.o(i.vTaskStartScheduler)
    i.vTaskSuspendAll                        0x080070f8   Section        0  tasks.o(i.vTaskSuspendAll)
    i.vTaskSwitchContext                     0x08007108   Section        0  tasks.o(i.vTaskSwitchContext)
    i.xPortStartScheduler                    0x08007194   Section        0  port.o(i.xPortStartScheduler)
    i.xPortSysTickHandler                    0x080072d0   Section        0  port.o(i.xPortSysTickHandler)
    i.xTaskGenericCreate                     0x08007304   Section        0  tasks.o(i.xTaskGenericCreate)
    i.xTaskGetSchedulerState                 0x08007474   Section        0  tasks.o(i.xTaskGetSchedulerState)
    i.xTaskIncrementTick                     0x08007494   Section        0  tasks.o(i.xTaskIncrementTick)
    i.xTaskResumeAll                         0x080075e0   Section        0  tasks.o(i.xTaskResumeAll)
    .constdata                               0x080076e4   Section       16  stm32f4xx_hal_rcc.o(.constdata)
    .constdata                               0x080076f4   Section       40  main.o(.constdata)
    .constdata                               0x0800771c   Section     8608  tft.o(.constdata)
    .conststring                             0x080098bc   Section       16  main.o(.conststring)
    .data                                    0x20000000   Section        4  system_stm32f4xx.o(.data)
    .data                                    0x20000004   Section       12  port.o(.data)
    uxCriticalNesting                        0x20000004   Data           4  port.o(.data)
    ucMaxSysCallPriority                     0x20000008   Data           1  port.o(.data)
    ulMaxPRIGROUPValue                       0x2000000c   Data           4  port.o(.data)
    .data                                    0x20000010   Section       56  tasks.o(.data)
    pxDelayedTaskList                        0x20000014   Data           4  tasks.o(.data)
    pxOverflowDelayedTaskList                0x20000018   Data           4  tasks.o(.data)
    uxTasksDeleted                           0x2000001c   Data           4  tasks.o(.data)
    uxCurrentNumberOfTasks                   0x20000020   Data           4  tasks.o(.data)
    xTickCount                               0x20000024   Data           4  tasks.o(.data)
    uxTopReadyPriority                       0x20000028   Data           4  tasks.o(.data)
    xSchedulerRunning                        0x2000002c   Data           4  tasks.o(.data)
    uxPendedTicks                            0x20000030   Data           4  tasks.o(.data)
    xYieldPending                            0x20000034   Data           4  tasks.o(.data)
    xNumOfOverflows                          0x20000038   Data           4  tasks.o(.data)
    uxTaskNumber                             0x2000003c   Data           4  tasks.o(.data)
    xNextTaskUnblockTime                     0x20000040   Data           4  tasks.o(.data)
    uxSchedulerSuspended                     0x20000044   Data           4  tasks.o(.data)
    .data                                    0x20000048   Section       24  heap_4.o(.data)
    xStart                                   0x20000048   Data           8  heap_4.o(.data)
    pxEnd                                    0x20000050   Data           4  heap_4.o(.data)
    xFreeBytesRemaining                      0x20000054   Data           4  heap_4.o(.data)
    xMinimumEverFreeBytesRemaining           0x20000058   Data           4  heap_4.o(.data)
    xBlockAllocatedBit                       0x2000005c   Data           4  heap_4.o(.data)
    .data                                    0x20000060   Section        4  stm32f4xx_hal.o(.data)
    .data                                    0x20000064   Section       25  main.o(.data)
    .data                                    0x20000080   Section       59  page.o(.data)
    count                                    0x20000080   Data           1  page.o(.data)
    number                                   0x20000082   Data           2  page.o(.data)
    input_alarm                              0x20000084   Data           1  page.o(.data)
    number                                   0x20000085   Data           1  page.o(.data)
    number                                   0x20000086   Data           1  page.o(.data)
    number                                   0x20000087   Data           1  page.o(.data)
    counter                                  0x20000088   Data           4  page.o(.data)
    increment                                0x2000008c   Data           1  page.o(.data)
    current_t1                               0x2000008e   Data           2  page.o(.data)
    current_t2                               0x20000090   Data           2  page.o(.data)
    current_t3                               0x20000092   Data           2  page.o(.data)
    current_t4                               0x20000094   Data           2  page.o(.data)
    number                                   0x20000096   Data           1  page.o(.data)
    counter                                  0x20000098   Data           4  page.o(.data)
    increment                                0x2000009c   Data           1  page.o(.data)
    current_posled                           0x2000009e   Data           2  page.o(.data)
    current_posled_paral                     0x200000a0   Data           2  page.o(.data)
    current_paral                            0x200000a2   Data           2  page.o(.data)
    number                                   0x200000a4   Data           2  page.o(.data)
    blink_before                             0x200000a6   Data           1  page.o(.data)
    counter                                  0x200000a8   Data           4  page.o(.data)
    increment                                0x200000ac   Data           1  page.o(.data)
    kp_do                                    0x200000b0   Data           4  page.o(.data)
    ki_do                                    0x200000b4   Data           4  page.o(.data)
    cur_en                                   0x200000b8   Data           1  page.o(.data)
    cur_regum                                0x200000b9   Data           1  page.o(.data)
    cur_sinchro                              0x200000ba   Data           1  page.o(.data)
    .data                                    0x200000bc   Section       12  tft.o(.data)
    .bss                                     0x200000c8   Section      240  tasks.o(.bss)
    pxReadyTasksLists                        0x200000c8   Data         140  tasks.o(.bss)
    xDelayedTaskList1                        0x20000154   Data          20  tasks.o(.bss)
    xDelayedTaskList2                        0x20000168   Data          20  tasks.o(.bss)
    xPendingReadyList                        0x2000017c   Data          20  tasks.o(.bss)
    xTasksWaitingTermination                 0x20000190   Data          20  tasks.o(.bss)
    xSuspendedTaskList                       0x200001a4   Data          20  tasks.o(.bss)
    .bss                                     0x200001b8   Section    15360  heap_4.o(.bss)
    ucHeap                                   0x200001b8   Data       15360  heap_4.o(.bss)
    .bss                                     0x20003db8   Section     1192  main.o(.bss)
    STACK                                    0x20004260   Section     1024  startup_stm32f429xx.o(STACK)

    Global Symbols

    Symbol Name                              Value     Ov Type        Size  Object(Section)

    BuildAttributes$$THM_ISAv4$E$P$D$K$B$S$7EM$VFPi3$EXTD16$VFPS$VFMA$PE$A:L22UL41UL21$X:L11$S22US41US21$IEEE1$IW$USESV6$~STKCKD$USESV7$~SHL$OSPACE$ROPI$EBA8$MICROLIB$REQ8$PRES8$EABIv2 0x00000000   Number         0  anon$$obj.o ABSOLUTE
    __ARM_use_no_argv                        0x00000000   Number         0  main.o ABSOLUTE
    _printf_a                                0x00000000   Number         0  stubs.o ABSOLUTE
    _printf_c                                0x00000000   Number         0  stubs.o ABSOLUTE
    _printf_charcount                        0x00000000   Number         0  stubs.o ABSOLUTE
    _printf_d                                0x00000000   Number         0  stubs.o ABSOLUTE
    _printf_e                                0x00000000   Number         0  stubs.o ABSOLUTE
    _printf_f                                0x00000000   Number         0  stubs.o ABSOLUTE
    _printf_flags                            0x00000000   Number         0  stubs.o ABSOLUTE
    _printf_fp_dec                           0x00000000   Number         0  stubs.o ABSOLUTE
    _printf_fp_hex                           0x00000000   Number         0  stubs.o ABSOLUTE
    _printf_g                                0x00000000   Number         0  stubs.o ABSOLUTE
    _printf_i                                0x00000000   Number         0  stubs.o ABSOLUTE
    _printf_int_dec                          0x00000000   Number         0  stubs.o ABSOLUTE
    _printf_l                                0x00000000   Number         0  stubs.o ABSOLUTE
    _printf_lc                               0x00000000   Number         0  stubs.o ABSOLUTE
    _printf_ll                               0x00000000   Number         0  stubs.o ABSOLUTE
    _printf_lld                              0x00000000   Number         0  stubs.o ABSOLUTE
    _printf_lli                              0x00000000   Number         0  stubs.o ABSOLUTE
    _printf_llo                              0x00000000   Number         0  stubs.o ABSOLUTE
    _printf_llu                              0x00000000   Number         0  stubs.o ABSOLUTE
    _printf_llx                              0x00000000   Number         0  stubs.o ABSOLUTE
    _printf_longlong_dec                     0x00000000   Number         0  stubs.o ABSOLUTE
    _printf_longlong_hex                     0x00000000   Number         0  stubs.o ABSOLUTE
    _printf_longlong_oct                     0x00000000   Number         0  stubs.o ABSOLUTE
    _printf_ls                               0x00000000   Number         0  stubs.o ABSOLUTE
    _printf_mbtowc                           0x00000000   Number         0  stubs.o ABSOLUTE
    _printf_n                                0x00000000   Number         0  stubs.o ABSOLUTE
    _printf_o                                0x00000000   Number         0  stubs.o ABSOLUTE
    _printf_p                                0x00000000   Number         0  stubs.o ABSOLUTE
    _printf_percent                          0x00000000   Number         0  stubs.o ABSOLUTE
    _printf_pre_padding                      0x00000000   Number         0  stubs.o ABSOLUTE
    _printf_return_value                     0x00000000   Number         0  stubs.o ABSOLUTE
    _printf_s                                0x00000000   Number         0  stubs.o ABSOLUTE
    _printf_sizespec                         0x00000000   Number         0  stubs.o ABSOLUTE
    _printf_str                              0x00000000   Number         0  stubs.o ABSOLUTE
    _printf_truncate_signed                  0x00000000   Number         0  stubs.o ABSOLUTE
    _printf_truncate_unsigned                0x00000000   Number         0  stubs.o ABSOLUTE
    _printf_u                                0x00000000   Number         0  stubs.o ABSOLUTE
    _printf_wc                               0x00000000   Number         0  stubs.o ABSOLUTE
    _printf_wctomb                           0x00000000   Number         0  stubs.o ABSOLUTE
    _printf_widthprec                        0x00000000   Number         0  stubs.o ABSOLUTE
    _printf_x                                0x00000000   Number         0  stubs.o ABSOLUTE
    __cpp_initialize__aeabi_                  - Undefined Weak Reference
    __cxa_finalize                            - Undefined Weak Reference
    __decompress                              - Undefined Weak Reference
    _clock_init                               - Undefined Weak Reference
    _microlib_exit                            - Undefined Weak Reference
    __Vectors_Size                           0x000001ac   Number         0  startup_stm32f429xx.o ABSOLUTE
    __Vectors                                0x08000000   Data           4  startup_stm32f429xx.o(RESET)
    __Vectors_End                            0x080001ac   Data           0  startup_stm32f429xx.o(RESET)
    __main                                   0x080001ad   Thumb Code     0  entry.o(.ARM.Collect$$$$00000000)
    _main_stk                                0x080001ad   Thumb Code     0  entry2.o(.ARM.Collect$$$$00000001)
    _main_scatterload                        0x080001b1   Thumb Code     0  entry5.o(.ARM.Collect$$$$00000004)
    __main_after_scatterload                 0x080001b5   Thumb Code     0  entry5.o(.ARM.Collect$$$$00000004)
    _main_clock                              0x080001b5   Thumb Code     0  entry7b.o(.ARM.Collect$$$$00000008)
    _main_cpp_init                           0x080001b5   Thumb Code     0  entry8b.o(.ARM.Collect$$$$0000000A)
    _main_init                               0x080001b5   Thumb Code     0  entry9a.o(.ARM.Collect$$$$0000000B)
    __rt_final_cpp                           0x080001bd   Thumb Code     0  entry10a.o(.ARM.Collect$$$$0000000D)
    __rt_final_exit                          0x080001bd   Thumb Code     0  entry11a.o(.ARM.Collect$$$$0000000F)
    SVC_Handler                              0x080001c1   Thumb Code    28  port.o(.emb_text)
    __asm___6_port_c_39a90d8d__prvStartFirstTask 0x080001e1   Thumb Code    28  port.o(.emb_text)
    __asm___6_port_c_39a90d8d__prvEnableVFP  0x08000201   Thumb Code    16  port.o(.emb_text)
    PendSV_Handler                           0x08000215   Thumb Code    92  port.o(.emb_text)
    vPortGetIPSR                             0x08000275   Thumb Code     6  port.o(.emb_text)
    Reset_Handler                            0x0800027d   Thumb Code     8  startup_stm32f429xx.o(.text)
    ADC_IRQHandler                           0x08000297   Thumb Code     0  startup_stm32f429xx.o(.text)
    CAN1_RX0_IRQHandler                      0x08000297   Thumb Code     0  startup_stm32f429xx.o(.text)
    CAN1_RX1_IRQHandler                      0x08000297   Thumb Code     0  startup_stm32f429xx.o(.text)
    CAN1_SCE_IRQHandler                      0x08000297   Thumb Code     0  startup_stm32f429xx.o(.text)
    CAN1_TX_IRQHandler                       0x08000297   Thumb Code     0  startup_stm32f429xx.o(.text)
    CAN2_RX0_IRQHandler                      0x08000297   Thumb Code     0  startup_stm32f429xx.o(.text)
    CAN2_RX1_IRQHandler                      0x08000297   Thumb Code     0  startup_stm32f429xx.o(.text)
    CAN2_SCE_IRQHandler                      0x08000297   Thumb Code     0  startup_stm32f429xx.o(.text)
    CAN2_TX_IRQHandler                       0x08000297   Thumb Code     0  startup_stm32f429xx.o(.text)
    DCMI_IRQHandler                          0x08000297   Thumb Code     0  startup_stm32f429xx.o(.text)
    DMA1_Stream0_IRQHandler                  0x08000297   Thumb Code     0  startup_stm32f429xx.o(.text)
    DMA1_Stream1_IRQHandler                  0x08000297   Thumb Code     0  startup_stm32f429xx.o(.text)
    DMA1_Stream2_IRQHandler                  0x08000297   Thumb Code     0  startup_stm32f429xx.o(.text)
    DMA1_Stream3_IRQHandler                  0x08000297   Thumb Code     0  startup_stm32f429xx.o(.text)
    DMA1_Stream4_IRQHandler                  0x08000297   Thumb Code     0  startup_stm32f429xx.o(.text)
    DMA1_Stream5_IRQHandler                  0x08000297   Thumb Code     0  startup_stm32f429xx.o(.text)
    DMA1_Stream6_IRQHandler                  0x08000297   Thumb Code     0  startup_stm32f429xx.o(.text)
    DMA1_Stream7_IRQHandler                  0x08000297   Thumb Code     0  startup_stm32f429xx.o(.text)
    DMA2D_IRQHandler                         0x08000297   Thumb Code     0  startup_stm32f429xx.o(.text)
    DMA2_Stream0_IRQHandler                  0x08000297   Thumb Code     0  startup_stm32f429xx.o(.text)
    DMA2_Stream1_IRQHandler                  0x08000297   Thumb Code     0  startup_stm32f429xx.o(.text)
    DMA2_Stream2_IRQHandler                  0x08000297   Thumb Code     0  startup_stm32f429xx.o(.text)
    DMA2_Stream3_IRQHandler                  0x08000297   Thumb Code     0  startup_stm32f429xx.o(.text)
    DMA2_Stream4_IRQHandler                  0x08000297   Thumb Code     0  startup_stm32f429xx.o(.text)
    DMA2_Stream5_IRQHandler                  0x08000297   Thumb Code     0  startup_stm32f429xx.o(.text)
    DMA2_Stream6_IRQHandler                  0x08000297   Thumb Code     0  startup_stm32f429xx.o(.text)
    DMA2_Stream7_IRQHandler                  0x08000297   Thumb Code     0  startup_stm32f429xx.o(.text)
    ETH_IRQHandler                           0x08000297   Thumb Code     0  startup_stm32f429xx.o(.text)
    ETH_WKUP_IRQHandler                      0x08000297   Thumb Code     0  startup_stm32f429xx.o(.text)
    EXTI0_IRQHandler                         0x08000297   Thumb Code     0  startup_stm32f429xx.o(.text)
    EXTI1_IRQHandler                         0x08000297   Thumb Code     0  startup_stm32f429xx.o(.text)
    EXTI2_IRQHandler                         0x08000297   Thumb Code     0  startup_stm32f429xx.o(.text)
    EXTI3_IRQHandler                         0x08000297   Thumb Code     0  startup_stm32f429xx.o(.text)
    EXTI4_IRQHandler                         0x08000297   Thumb Code     0  startup_stm32f429xx.o(.text)
    EXTI9_5_IRQHandler                       0x08000297   Thumb Code     0  startup_stm32f429xx.o(.text)
    FLASH_IRQHandler                         0x08000297   Thumb Code     0  startup_stm32f429xx.o(.text)
    FMC_IRQHandler                           0x08000297   Thumb Code     0  startup_stm32f429xx.o(.text)
    FPU_IRQHandler                           0x08000297   Thumb Code     0  startup_stm32f429xx.o(.text)
    HASH_RNG_IRQHandler                      0x08000297   Thumb Code     0  startup_stm32f429xx.o(.text)
    I2C1_ER_IRQHandler                       0x08000297   Thumb Code     0  startup_stm32f429xx.o(.text)
    I2C1_EV_IRQHandler                       0x08000297   Thumb Code     0  startup_stm32f429xx.o(.text)
    I2C2_ER_IRQHandler                       0x08000297   Thumb Code     0  startup_stm32f429xx.o(.text)
    I2C2_EV_IRQHandler                       0x08000297   Thumb Code     0  startup_stm32f429xx.o(.text)
    I2C3_ER_IRQHandler                       0x08000297   Thumb Code     0  startup_stm32f429xx.o(.text)
    I2C3_EV_IRQHandler                       0x08000297   Thumb Code     0  startup_stm32f429xx.o(.text)
    LTDC_ER_IRQHandler                       0x08000297   Thumb Code     0  startup_stm32f429xx.o(.text)
    LTDC_IRQHandler                          0x08000297   Thumb Code     0  startup_stm32f429xx.o(.text)
    OTG_FS_IRQHandler                        0x08000297   Thumb Code     0  startup_stm32f429xx.o(.text)
    OTG_FS_WKUP_IRQHandler                   0x08000297   Thumb Code     0  startup_stm32f429xx.o(.text)
    OTG_HS_EP1_IN_IRQHandler                 0x08000297   Thumb Code     0  startup_stm32f429xx.o(.text)
    OTG_HS_EP1_OUT_IRQHandler                0x08000297   Thumb Code     0  startup_stm32f429xx.o(.text)
    OTG_HS_IRQHandler                        0x08000297   Thumb Code     0  startup_stm32f429xx.o(.text)
    OTG_HS_WKUP_IRQHandler                   0x08000297   Thumb Code     0  startup_stm32f429xx.o(.text)
    PVD_IRQHandler                           0x08000297   Thumb Code     0  startup_stm32f429xx.o(.text)
    RCC_IRQHandler                           0x08000297   Thumb Code     0  startup_stm32f429xx.o(.text)
    RTC_Alarm_IRQHandler                     0x08000297   Thumb Code     0  startup_stm32f429xx.o(.text)
    RTC_WKUP_IRQHandler                      0x08000297   Thumb Code     0  startup_stm32f429xx.o(.text)
    SAI1_IRQHandler                          0x08000297   Thumb Code     0  startup_stm32f429xx.o(.text)
    SDIO_IRQHandler                          0x08000297   Thumb Code     0  startup_stm32f429xx.o(.text)
    SPI1_IRQHandler                          0x08000297   Thumb Code     0  startup_stm32f429xx.o(.text)
    SPI2_IRQHandler                          0x08000297   Thumb Code     0  startup_stm32f429xx.o(.text)
    SPI3_IRQHandler                          0x08000297   Thumb Code     0  startup_stm32f429xx.o(.text)
    SPI4_IRQHandler                          0x08000297   Thumb Code     0  startup_stm32f429xx.o(.text)
    SPI5_IRQHandler                          0x08000297   Thumb Code     0  startup_stm32f429xx.o(.text)
    SPI6_IRQHandler                          0x08000297   Thumb Code     0  startup_stm32f429xx.o(.text)
    TAMP_STAMP_IRQHandler                    0x08000297   Thumb Code     0  startup_stm32f429xx.o(.text)
    TIM1_BRK_TIM9_IRQHandler                 0x08000297   Thumb Code     0  startup_stm32f429xx.o(.text)
    TIM1_CC_IRQHandler                       0x08000297   Thumb Code     0  startup_stm32f429xx.o(.text)
    TIM1_TRG_COM_TIM11_IRQHandler            0x08000297   Thumb Code     0  startup_stm32f429xx.o(.text)
    TIM8_BRK_TIM12_IRQHandler                0x08000297   Thumb Code     0  startup_stm32f429xx.o(.text)
    TIM8_CC_IRQHandler                       0x08000297   Thumb Code     0  startup_stm32f429xx.o(.text)
    UART4_IRQHandler                         0x08000297   Thumb Code     0  startup_stm32f429xx.o(.text)
    UART5_IRQHandler                         0x08000297   Thumb Code     0  startup_stm32f429xx.o(.text)
    UART7_IRQHandler                         0x08000297   Thumb Code     0  startup_stm32f429xx.o(.text)
    UART8_IRQHandler                         0x08000297   Thumb Code     0  startup_stm32f429xx.o(.text)
    USART1_IRQHandler                        0x08000297   Thumb Code     0  startup_stm32f429xx.o(.text)
    USART2_IRQHandler                        0x08000297   Thumb Code     0  startup_stm32f429xx.o(.text)
    USART3_IRQHandler                        0x08000297   Thumb Code     0  startup_stm32f429xx.o(.text)
    USART6_IRQHandler                        0x08000297   Thumb Code     0  startup_stm32f429xx.o(.text)
    WWDG_IRQHandler                          0x08000297   Thumb Code     0  startup_stm32f429xx.o(.text)
    __aeabi_memcpy                           0x080002a1   Thumb Code    36  memcpya.o(.text)
    __aeabi_memcpy4                          0x080002a1   Thumb Code     0  memcpya.o(.text)
    __aeabi_memcpy8                          0x080002a1   Thumb Code     0  memcpya.o(.text)
    __aeabi_memset                           0x080002c5   Thumb Code    14  memseta.o(.text)
    __aeabi_memset4                          0x080002c5   Thumb Code     0  memseta.o(.text)
    __aeabi_memset8                          0x080002c5   Thumb Code     0  memseta.o(.text)
    __aeabi_memclr                           0x080002d3   Thumb Code     4  memseta.o(.text)
    __aeabi_memclr4                          0x080002d3   Thumb Code     0  memseta.o(.text)
    __aeabi_memclr8                          0x080002d3   Thumb Code     0  memseta.o(.text)
    _memset$wrapper                          0x080002d7   Thumb Code    18  memseta.o(.text)
    __aeabi_f2d                              0x080002e9   Thumb Code    38  f2d.o(.text)
    __aeabi_uidiv                            0x0800030f   Thumb Code     0  uidiv.o(.text)
    __aeabi_uidivmod                         0x0800030f   Thumb Code    44  uidiv.o(.text)
    __aeabi_uldivmod                         0x0800033b   Thumb Code    98  uldiv.o(.text)
    __I$use$fp                               0x0800039d   Thumb Code     0  iusefp.o(.text)
    __aeabi_dadd                             0x0800039d   Thumb Code   322  dadd.o(.text)
    __aeabi_dsub                             0x080004df   Thumb Code     6  dadd.o(.text)
    __aeabi_drsub                            0x080004e5   Thumb Code     6  dadd.o(.text)
    __aeabi_dmul                             0x080004eb   Thumb Code   228  dmul.o(.text)
    __aeabi_ddiv                             0x080005cf   Thumb Code   222  ddiv.o(.text)
    __aeabi_d2ulz                            0x080006ad   Thumb Code    48  dfixul.o(.text)
    __aeabi_cdrcmple                         0x080006dd   Thumb Code    48  cdrcmple.o(.text)
    __scatterload                            0x0800070d   Thumb Code    28  init.o(.text)
    __scatterload_rt2                        0x0800070d   Thumb Code     0  init.o(.text)
    __aeabi_llsl                             0x08000731   Thumb Code    30  llshl.o(.text)
    _ll_shift_l                              0x08000731   Thumb Code     0  llshl.o(.text)
    __aeabi_llsr                             0x0800074f   Thumb Code    32  llushr.o(.text)
    _ll_ushift_r                             0x0800074f   Thumb Code     0  llushr.o(.text)
    __aeabi_lasr                             0x0800076f   Thumb Code    36  llsshr.o(.text)
    _ll_sshift_r                             0x0800076f   Thumb Code     0  llsshr.o(.text)
    _double_round                            0x08000793   Thumb Code    30  depilogue.o(.text)
    _double_epilogue                         0x080007b1   Thumb Code   156  depilogue.o(.text)
    BusFault_Handler                         0x0800084d   Thumb Code     4  stm32f4xx_it.o(i.BusFault_Handler)
    DebugMon_Handler                         0x08000851   Thumb Code     2  stm32f4xx_it.o(i.DebugMon_Handler)
    EXTI15_10_IRQHandler                     0x08000853   Thumb Code    12  stm32f4xx_it.o(i.EXTI15_10_IRQHandler)
    Error_Handler                            0x0800085f   Thumb Code     4  main.o(i.Error_Handler)
    HAL_Delay                                0x08000863   Thumb Code    26  stm32f4xx_hal.o(i.HAL_Delay)
    HAL_GPIO_EXTI_Callback                   0x0800087d   Thumb Code     2  stm32f4xx_hal_gpio.o(i.HAL_GPIO_EXTI_Callback)
    HAL_GPIO_EXTI_IRQHandler                 0x08000881   Thumb Code    24  stm32f4xx_hal_gpio.o(i.HAL_GPIO_EXTI_IRQHandler)
    HAL_GPIO_Init                            0x0800089d   Thumb Code   486  stm32f4xx_hal_gpio.o(i.HAL_GPIO_Init)
    HAL_GPIO_WritePin                        0x08000ab9   Thumb Code    12  stm32f4xx_hal_gpio.o(i.HAL_GPIO_WritePin)
    HAL_GetTick                              0x08000ac5   Thumb Code     6  stm32f4xx_hal.o(i.HAL_GetTick)
    HAL_IncTick                              0x08000ad1   Thumb Code    12  stm32f4xx_hal.o(i.HAL_IncTick)
    HAL_Init                                 0x08000ae1   Thumb Code    54  stm32f4xx_hal.o(i.HAL_Init)
    HAL_InitTick                             0x08000b1d   Thumb Code    36  stm32f4xx_hal.o(i.HAL_InitTick)
    HAL_MspInit                              0x08000b45   Thumb Code    86  stm32f4xx_hal_msp.o(i.HAL_MspInit)
    HAL_NVIC_EnableIRQ                       0x08000b9b   Thumb Code    26  stm32f4xx_hal_cortex.o(i.HAL_NVIC_EnableIRQ)
    HAL_NVIC_SetPriority                     0x08000bb5   Thumb Code   124  stm32f4xx_hal_cortex.o(i.HAL_NVIC_SetPriority)
    HAL_NVIC_SetPriorityGrouping             0x08000c31   Thumb Code    32  stm32f4xx_hal_cortex.o(i.HAL_NVIC_SetPriorityGrouping)
    HAL_PWREx_EnableOverDrive                0x08000c59   Thumb Code   152  stm32f4xx_hal_pwr_ex.o(i.HAL_PWREx_EnableOverDrive)
    HAL_RCC_ClockConfig                      0x08000cfd   Thumb Code   446  stm32f4xx_hal_rcc.o(i.HAL_RCC_ClockConfig)
    HAL_RCC_GetHCLKFreq                      0x08000ecd   Thumb Code     6  stm32f4xx_hal_rcc.o(i.HAL_RCC_GetHCLKFreq)
    HAL_RCC_GetSysClockFreq                  0x08000ed9   Thumb Code   168  stm32f4xx_hal_rcc.o(i.HAL_RCC_GetSysClockFreq)
    HAL_RCC_OscConfig                        0x08000f8d   Thumb Code  1090  stm32f4xx_hal_rcc.o(i.HAL_RCC_OscConfig)
    HAL_SPI_Init                             0x080013d9   Thumb Code   140  stm32f4xx_hal_spi.o(i.HAL_SPI_Init)
    HAL_SPI_MspInit                          0x08001465   Thumb Code    80  stm32f4xx_hal_msp.o(i.HAL_SPI_MspInit)
    HAL_SPI_Transmit                         0x080014c1   Thumb Code   422  stm32f4xx_hal_spi.o(i.HAL_SPI_Transmit)
    HAL_SYSTICK_CLKSourceConfig              0x08001667   Thumb Code    40  stm32f4xx_hal_cortex.o(i.HAL_SYSTICK_CLKSourceConfig)
    HAL_SYSTICK_Config                       0x0800168f   Thumb Code    52  stm32f4xx_hal_cortex.o(i.HAL_SYSTICK_Config)
    HAL_TIMEx_BreakCallback                  0x080016c3   Thumb Code     2  stm32f4xx_hal_tim_ex.o(i.HAL_TIMEx_BreakCallback)
    HAL_TIMEx_CommutationCallback            0x080016c5   Thumb Code     2  stm32f4xx_hal_tim_ex.o(i.HAL_TIMEx_CommutationCallback)
    HAL_TIMEx_MasterConfigSynchronization    0x080016c7   Thumb Code    98  stm32f4xx_hal_tim_ex.o(i.HAL_TIMEx_MasterConfigSynchronization)
    HAL_TIM_Base_Init                        0x08001729   Thumb Code    52  stm32f4xx_hal_tim.o(i.HAL_TIM_Base_Init)
    HAL_TIM_Base_MspInit                     0x0800175d   Thumb Code   516  stm32f4xx_hal_msp.o(i.HAL_TIM_Base_MspInit)
    HAL_TIM_ConfigClockSource                0x08001985   Thumb Code   306  stm32f4xx_hal_tim.o(i.HAL_TIM_ConfigClockSource)
    HAL_TIM_IC_CaptureCallback               0x08001ab7   Thumb Code     2  stm32f4xx_hal_tim.o(i.HAL_TIM_IC_CaptureCallback)
    HAL_TIM_IRQHandler                       0x08001ab9   Thumb Code   406  stm32f4xx_hal_tim.o(i.HAL_TIM_IRQHandler)
    HAL_TIM_OC_DelayElapsedCallback          0x08001c4f   Thumb Code     2  stm32f4xx_hal_tim.o(i.HAL_TIM_OC_DelayElapsedCallback)
    HAL_TIM_OnePulse_Init                    0x08001c51   Thumb Code    76  stm32f4xx_hal_tim.o(i.HAL_TIM_OnePulse_Init)
    HAL_TIM_OnePulse_MspInit                 0x08001c9d   Thumb Code   120  stm32f4xx_hal_msp.o(i.HAL_TIM_OnePulse_MspInit)
    HAL_TIM_PWM_PulseFinishedCallback        0x08001d21   Thumb Code     2  stm32f4xx_hal_tim.o(i.HAL_TIM_PWM_PulseFinishedCallback)
    HAL_TIM_PeriodElapsedCallback            0x08001d23   Thumb Code     2  stm32f4xx_hal_tim.o(i.HAL_TIM_PeriodElapsedCallback)
    HAL_TIM_TriggerCallback                  0x08001d25   Thumb Code     2  stm32f4xx_hal_tim.o(i.HAL_TIM_TriggerCallback)
    HardFault_Handler                        0x08001d27   Thumb Code     4  stm32f4xx_it.o(i.HardFault_Handler)
    LCD_Alarm                                0x08001d2d   Thumb Code   170  page.o(i.LCD_Alarm)
    LCD_Current                              0x08001df5   Thumb Code   932  page.o(i.LCD_Current)
    LCD_DrawPixel                            0x080021f5   Thumb Code    40  tft.o(i.LCD_DrawPixel)
    LCD_DrawString                           0x0800221d   Thumb Code    32  tft.o(i.LCD_DrawString)
    LCD_DrawString_2                         0x0800223d   Thumb Code    32  tft.o(i.LCD_DrawString_2)
    LCD_Fill                                 0x0800225d   Thumb Code    58  tft.o(i.LCD_Fill)
    LCD_Fill_Rectangle                       0x08002297   Thumb Code    88  tft.o(i.LCD_Fill_Rectangle)
    LCD_Init                                 0x080022f1   Thumb Code   644  tft.o(i.LCD_Init)
    LCD_Input                                0x08002585   Thumb Code   856  page.o(i.LCD_Input)
    LCD_Output                               0x08002939   Thumb Code   468  page.o(i.LCD_Output)
    LCD_PI                                   0x08002b51   Thumb Code  1068  page.o(i.LCD_PI)
    LCD_Page                                 0x08002f7d   Thumb Code  3288  page.o(i.LCD_Page)
    LCD_Putchar                              0x08003cc9   Thumb Code   120  tft.o(i.LCD_Putchar)
    LCD_Putchar_2                            0x08003d49   Thumb Code   138  tft.o(i.LCD_Putchar_2)
    LCD_SendCommand                          0x08003de1   Thumb Code    54  tft.o(i.LCD_SendCommand)
    LCD_SendData                             0x08003e25   Thumb Code    22  tft.o(i.LCD_SendData)
    LCD_SetCursorPosition                    0x08003e41   Thumb Code    76  tft.o(i.LCD_SetCursorPosition)
    LCD_Synchro                              0x08003e8d   Thumb Code   330  page.o(i.LCD_Synchro)
    LCD_Transforms                           0x08003fe1   Thumb Code  3030  page.o(i.LCD_Transforms)
    LCD_Transforms_setting                   0x08004bd9   Thumb Code  1798  page.o(i.LCD_Transforms_setting)
    MemManage_Handler                        0x08005929   Thumb Code     4  stm32f4xx_it.o(i.MemManage_Handler)
    NMI_Handler                              0x0800592d   Thumb Code     2  stm32f4xx_it.o(i.NMI_Handler)
    StartDefaultTask                         0x08005a3b   Thumb Code    10  main.o(i.StartDefaultTask)
    SysTick_Handler                          0x08005a45   Thumb Code    12  stm32f4xx_it.o(i.SysTick_Handler)
    SystemClock_Config                       0x08005a51   Thumb Code   198  main.o(i.SystemClock_Config)
    SystemInit                               0x08005b21   Thumb Code    82  system_stm32f4xx.o(i.SystemInit)
    TIM1_UP_TIM10_IRQHandler                 0x08005b85   Thumb Code    10  stm32f4xx_it.o(i.TIM1_UP_TIM10_IRQHandler)
    TIM2_IRQHandler                          0x08005b95   Thumb Code    10  stm32f4xx_it.o(i.TIM2_IRQHandler)
    TIM3_IRQHandler                          0x08005ba5   Thumb Code    10  stm32f4xx_it.o(i.TIM3_IRQHandler)
    TIM4_IRQHandler                          0x08005bb5   Thumb Code    10  stm32f4xx_it.o(i.TIM4_IRQHandler)
    TIM5_IRQHandler                          0x08005bc5   Thumb Code    10  stm32f4xx_it.o(i.TIM5_IRQHandler)
    TIM6_DAC_IRQHandler                      0x08005bd5   Thumb Code    10  stm32f4xx_it.o(i.TIM6_DAC_IRQHandler)
    TIM7_IRQHandler                          0x08005be5   Thumb Code    10  stm32f4xx_it.o(i.TIM7_IRQHandler)
    TIM8_TRG_COM_TIM14_IRQHandler            0x08005bf5   Thumb Code    16  stm32f4xx_it.o(i.TIM8_TRG_COM_TIM14_IRQHandler)
    TIM8_UP_TIM13_IRQHandler                 0x08005c0d   Thumb Code    10  stm32f4xx_it.o(i.TIM8_UP_TIM13_IRQHandler)
    TIM_Base_SetConfig                       0x08005c1d   Thumb Code   184  stm32f4xx_hal_tim.o(i.TIM_Base_SetConfig)
    UsageFault_Handler                       0x08005d83   Thumb Code     4  stm32f4xx_it.o(i.UsageFault_Handler)
    __0sprintf                               0x08005d89   Thumb Code    34  printfa.o(i.__0sprintf)
    __1sprintf                               0x08005d89   Thumb Code     0  printfa.o(i.__0sprintf)
    __2sprintf                               0x08005d89   Thumb Code     0  printfa.o(i.__0sprintf)
    __c89sprintf                             0x08005d89   Thumb Code     0  printfa.o(i.__0sprintf)
    sprintf                                  0x08005d89   Thumb Code     0  printfa.o(i.__0sprintf)
    __scatterload_copy                       0x08005db1   Thumb Code    14  handlers.o(i.__scatterload_copy)
    __scatterload_null                       0x08005dbf   Thumb Code     2  handlers.o(i.__scatterload_null)
    __scatterload_zeroinit                   0x08005dc1   Thumb Code    14  handlers.o(i.__scatterload_zeroinit)
    _show_page                               0x08006683   Thumb Code   226  main.o(i._show_page)
    main                                     0x08006771   Thumb Code   296  main.o(i.main)
    osDelay                                  0x080068c3   Thumb Code    24  cmsis_os.o(i.osDelay)
    osKernelStart                            0x080068db   Thumb Code    10  cmsis_os.o(i.osKernelStart)
    osSystickHandler                         0x080068e5   Thumb Code    16  cmsis_os.o(i.osSystickHandler)
    osThreadCreate                           0x080068f5   Thumb Code    58  cmsis_os.o(i.osThreadCreate)
    pages_show                               0x08006931   Thumb Code    16  main.o(i.pages_show)
    pvPortMalloc                             0x08006ca1   Thumb Code   296  heap_4.o(i.pvPortMalloc)
    pxPortInitialiseStack                    0x08006ddd   Thumb Code    34  port.o(i.pxPortInitialiseStack)
    spi3_send                                0x08006e05   Thumb Code    16  tft.o(i.spi3_send)
    uxListRemove                             0x08006e19   Thumb Code    40  list.o(i.uxListRemove)
    vListInitialise                          0x08006e41   Thumb Code    26  list.o(i.vListInitialise)
    vListInitialiseItem                      0x08006e5b   Thumb Code     6  list.o(i.vListInitialiseItem)
    vListInsert                              0x08006e61   Thumb Code    52  list.o(i.vListInsert)
    vListInsertEnd                           0x08006e95   Thumb Code    24  list.o(i.vListInsertEnd)
    vPortEnterCritical                       0x08006ead   Thumb Code    76  port.o(i.vPortEnterCritical)
    vPortExitCritical                        0x08006f01   Thumb Code    56  port.o(i.vPortExitCritical)
    vPortFree                                0x08006f3d   Thumb Code   140  heap_4.o(i.vPortFree)
    vPortSetupTimerInterrupt                 0x08006fd1   Thumb Code    26  port.o(i.vPortSetupTimerInterrupt)
    vTaskDelay                               0x08006ff1   Thumb Code   120  tasks.o(i.vTaskDelay)
    vTaskStartScheduler                      0x0800707d   Thumb Code   100  tasks.o(i.vTaskStartScheduler)
    vTaskSuspendAll                          0x080070f9   Thumb Code    12  tasks.o(i.vTaskSuspendAll)
    vTaskSwitchContext                       0x08007109   Thumb Code   118  tasks.o(i.vTaskSwitchContext)
    xPortStartScheduler                      0x08007195   Thumb Code   288  port.o(i.xPortStartScheduler)
    xPortSysTickHandler                      0x080072d1   Thumb Code    48  port.o(i.xPortSysTickHandler)
    xTaskGenericCreate                       0x08007305   Thumb Code   340  tasks.o(i.xTaskGenericCreate)
    xTaskGetSchedulerState                   0x08007475   Thumb Code    24  tasks.o(i.xTaskGetSchedulerState)
    xTaskIncrementTick                       0x08007495   Thumb Code   286  tasks.o(i.xTaskIncrementTick)
    xTaskResumeAll                           0x080075e1   Thumb Code   224  tasks.o(i.xTaskResumeAll)
    APBAHBPrescTable                         0x080076e4   Data          16  stm32f4xx_hal_rcc.o(.constdata)
    data_table                               0x0800771c   Data        8600  tft.o(.constdata)
    TimesNewRoman                            0x080098b4   Data           8  tft.o(.constdata)
    Region$$Table$$Base                      0x080098cc   Number         0  anon$$obj.o(Region$$Table)
    Region$$Table$$Limit                     0x080098ec   Number         0  anon$$obj.o(Region$$Table)
    SystemCoreClock                          0x20000000   Data           4  system_stm32f4xx.o(.data)
    pxCurrentTCB                             0x20000010   Data           4  tasks.o(.data)
    uwTick                                   0x20000060   Data           4  stm32f4xx_hal.o(.data)
    defaultTaskHandle                        0x20000064   Data           4  main.o(.data)
    lcdHandle                                0x20000068   Data           4  main.o(.data)
    version                                  0x2000006c   Data          17  main.o(.data)
    delay                                    0x200000bc   Data           2  tft.o(.data)
    i                                        0x200000c0   Data           4  tft.o(.data)
    color_text                               0x200000c4   Data           2  tft.o(.data)
    color_background                         0x200000c6   Data           2  tft.o(.data)
    hspi3                                    0x20003db8   Data          88  main.o(.bss)
    htim2                                    0x20003e10   Data          60  main.o(.bss)
    htim3                                    0x20003e4c   Data          60  main.o(.bss)
    htim4                                    0x20003e88   Data          60  main.o(.bss)
    htim5                                    0x20003ec4   Data          60  main.o(.bss)
    htim6                                    0x20003f00   Data          60  main.o(.bss)
    htim7                                    0x20003f3c   Data          60  main.o(.bss)
    htim8                                    0x20003f78   Data          60  main.o(.bss)
    htim9                                    0x20003fb4   Data          60  main.o(.bss)
    htim10                                   0x20003ff0   Data          60  main.o(.bss)
    htim11                                   0x2000402c   Data          60  main.o(.bss)
    htim14                                   0x20004068   Data          60  main.o(.bss)
    TJCTM                                    0x200040a4   Data         108  main.o(.bss)
    AIN1                                     0x20004110   Data         336  main.o(.bss)
    __initial_sp                             0x20004660   Data           0  startup_stm32f429xx.o(STACK)



==============================================================================

Memory Map of the image

  Image Entry point : 0x080001ad

  Load Region LR_IROM1 (Base: 0x08000000, Size: 0x000099b4, Max: 0x00200000, ABSOLUTE)

    Execution Region ER_IROM1 (Base: 0x08000000, Size: 0x000098ec, Max: 0x00200000, ABSOLUTE)

    Base Addr    Size         Type   Attr      Idx    E Section Name        Object

    0x08000000   0x000001ac   Data   RO         4310    RESET               startup_stm32f429xx.o
    0x080001ac   0x00000000   Code   RO         4315  * .ARM.Collect$$$$00000000  mc_w.l(entry.o)
    0x080001ac   0x00000004   Code   RO         4587    .ARM.Collect$$$$00000001  mc_w.l(entry2.o)
    0x080001b0   0x00000004   Code   RO         4590    .ARM.Collect$$$$00000004  mc_w.l(entry5.o)
    0x080001b4   0x00000000   Code   RO         4592    .ARM.Collect$$$$00000008  mc_w.l(entry7b.o)
    0x080001b4   0x00000000   Code   RO         4594    .ARM.Collect$$$$0000000A  mc_w.l(entry8b.o)
    0x080001b4   0x00000008   Code   RO         4595    .ARM.Collect$$$$0000000B  mc_w.l(entry9a.o)
    0x080001bc   0x00000000   Code   RO         4597    .ARM.Collect$$$$0000000D  mc_w.l(entry10a.o)
    0x080001bc   0x00000000   Code   RO         4599    .ARM.Collect$$$$0000000F  mc_w.l(entry11a.o)
    0x080001bc   0x00000004   Code   RO         4588    .ARM.Collect$$$$00002712  mc_w.l(entry2.o)
    0x080001c0   0x000000ba   Code   RO          751    .emb_text           port.o
    0x0800027a   0x00000002   PAD
    0x0800027c   0x00000024   Code   RO         4311    .text               startup_stm32f429xx.o
    0x080002a0   0x00000024   Code   RO         4318    .text               mc_w.l(memcpya.o)
    0x080002c4   0x00000024   Code   RO         4320    .text               mc_w.l(memseta.o)
    0x080002e8   0x00000026   Code   RO         4585    .text               mf_w.l(f2d.o)
    0x0800030e   0x0000002c   Code   RO         4604    .text               mc_w.l(uidiv.o)
    0x0800033a   0x00000062   Code   RO         4606    .text               mc_w.l(uldiv.o)
    0x0800039c   0x00000000   Code   RO         4608    .text               mc_w.l(iusefp.o)
    0x0800039c   0x0000014e   Code   RO         4609    .text               mf_w.l(dadd.o)
    0x080004ea   0x000000e4   Code   RO         4611    .text               mf_w.l(dmul.o)
    0x080005ce   0x000000de   Code   RO         4613    .text               mf_w.l(ddiv.o)
    0x080006ac   0x00000030   Code   RO         4615    .text               mf_w.l(dfixul.o)
    0x080006dc   0x00000030   Code   RO         4617    .text               mf_w.l(cdrcmple.o)
    0x0800070c   0x00000024   Code   RO         4619    .text               mc_w.l(init.o)
    0x08000730   0x0000001e   Code   RO         4622    .text               mc_w.l(llshl.o)
    0x0800074e   0x00000020   Code   RO         4624    .text               mc_w.l(llushr.o)
    0x0800076e   0x00000024   Code   RO         4626    .text               mc_w.l(llsshr.o)
    0x08000792   0x000000ba   Code   RO         4629    .text               mf_w.l(depilogue.o)
    0x0800084c   0x00000004   Code   RO         3870    i.BusFault_Handler  stm32f4xx_it.o
    0x08000850   0x00000002   Code   RO         3871    i.DebugMon_Handler  stm32f4xx_it.o
    0x08000852   0x0000000c   Code   RO         3872    i.EXTI15_10_IRQHandler  stm32f4xx_it.o
    0x0800085e   0x00000004   Code   RO         3726    i.Error_Handler     main.o
    0x08000862   0x0000001a   Code   RO         2654    i.HAL_Delay         stm32f4xx_hal.o
    0x0800087c   0x00000002   Code   RO         3164    i.HAL_GPIO_EXTI_Callback  stm32f4xx_hal_gpio.o
    0x0800087e   0x00000002   PAD
    0x08000880   0x0000001c   Code   RO         3165    i.HAL_GPIO_EXTI_IRQHandler  stm32f4xx_hal_gpio.o
    0x0800089c   0x0000021c   Code   RO         3166    i.HAL_GPIO_Init     stm32f4xx_hal_gpio.o
    0x08000ab8   0x0000000c   Code   RO         3170    i.HAL_GPIO_WritePin  stm32f4xx_hal_gpio.o
    0x08000ac4   0x0000000c   Code   RO         2662    i.HAL_GetTick       stm32f4xx_hal.o
    0x08000ad0   0x00000010   Code   RO         2663    i.HAL_IncTick       stm32f4xx_hal.o
    0x08000ae0   0x0000003c   Code   RO         2664    i.HAL_Init          stm32f4xx_hal.o
    0x08000b1c   0x00000028   Code   RO         2665    i.HAL_InitTick      stm32f4xx_hal.o
    0x08000b44   0x00000056   Code   RO         3666    i.HAL_MspInit       stm32f4xx_hal_msp.o
    0x08000b9a   0x0000001a   Code   RO         3232    i.HAL_NVIC_EnableIRQ  stm32f4xx_hal_cortex.o
    0x08000bb4   0x0000007c   Code   RO         3238    i.HAL_NVIC_SetPriority  stm32f4xx_hal_cortex.o
    0x08000c30   0x00000028   Code   RO         3239    i.HAL_NVIC_SetPriorityGrouping  stm32f4xx_hal_cortex.o
    0x08000c58   0x000000a4   Code   RO         1775    i.HAL_PWREx_EnableOverDrive  stm32f4xx_hal_pwr_ex.o
    0x08000cfc   0x000001d0   Code   RO         3358    i.HAL_RCC_ClockConfig  stm32f4xx_hal_rcc.o
    0x08000ecc   0x0000000c   Code   RO         3363    i.HAL_RCC_GetHCLKFreq  stm32f4xx_hal_rcc.o
    0x08000ed8   0x000000b4   Code   RO         3367    i.HAL_RCC_GetSysClockFreq  stm32f4xx_hal_rcc.o
    0x08000f8c   0x0000044c   Code   RO         3370    i.HAL_RCC_OscConfig  stm32f4xx_hal_rcc.o
    0x080013d8   0x0000008c   Code   RO         1498    i.HAL_SPI_Init      stm32f4xx_hal_spi.o
    0x08001464   0x0000005c   Code   RO         3668    i.HAL_SPI_MspInit   stm32f4xx_hal_msp.o
    0x080014c0   0x000001a6   Code   RO         1506    i.HAL_SPI_Transmit  stm32f4xx_hal_spi.o
    0x08001666   0x00000028   Code   RO         3241    i.HAL_SYSTICK_CLKSourceConfig  stm32f4xx_hal_cortex.o
    0x0800168e   0x00000034   Code   RO         3243    i.HAL_SYSTICK_Config  stm32f4xx_hal_cortex.o
    0x080016c2   0x00000002   Code   RO         2924    i.HAL_TIMEx_BreakCallback  stm32f4xx_hal_tim_ex.o
    0x080016c4   0x00000002   Code   RO         2925    i.HAL_TIMEx_CommutationCallback  stm32f4xx_hal_tim_ex.o
    0x080016c6   0x00000062   Code   RO         2941    i.HAL_TIMEx_MasterConfigSynchronization  stm32f4xx_hal_tim_ex.o
    0x08001728   0x00000034   Code   RO         2008    i.HAL_TIM_Base_Init  stm32f4xx_hal_tim.o
    0x0800175c   0x00000228   Code   RO         3670    i.HAL_TIM_Base_MspInit  stm32f4xx_hal_msp.o
    0x08001984   0x00000132   Code   RO         2017    i.HAL_TIM_ConfigClockSource  stm32f4xx_hal_tim.o
    0x08001ab6   0x00000002   Code   RO         2037    i.HAL_TIM_IC_CaptureCallback  stm32f4xx_hal_tim.o
    0x08001ab8   0x00000196   Code   RO         2050    i.HAL_TIM_IRQHandler  stm32f4xx_hal_tim.o
    0x08001c4e   0x00000002   Code   RO         2053    i.HAL_TIM_OC_DelayElapsedCallback  stm32f4xx_hal_tim.o
    0x08001c50   0x0000004c   Code   RO         2067    i.HAL_TIM_OnePulse_Init  stm32f4xx_hal_tim.o
    0x08001c9c   0x00000084   Code   RO         3672    i.HAL_TIM_OnePulse_MspInit  stm32f4xx_hal_msp.o
    0x08001d20   0x00000002   Code   RO         2080    i.HAL_TIM_PWM_PulseFinishedCallback  stm32f4xx_hal_tim.o
    0x08001d22   0x00000002   Code   RO         2087    i.HAL_TIM_PeriodElapsedCallback  stm32f4xx_hal_tim.o
    0x08001d24   0x00000002   Code   RO         2091    i.HAL_TIM_TriggerCallback  stm32f4xx_hal_tim.o
    0x08001d26   0x00000004   Code   RO         3873    i.HardFault_Handler  stm32f4xx_it.o
    0x08001d2a   0x00000002   PAD
    0x08001d2c   0x000000c8   Code   RO         4055    i.LCD_Alarm         page.o
    0x08001df4   0x00000400   Code   RO         4056    i.LCD_Current       page.o
    0x080021f4   0x00000028   Code   RO         4132    i.LCD_DrawPixel     tft.o
    0x0800221c   0x00000020   Code   RO         4133    i.LCD_DrawString    tft.o
    0x0800223c   0x00000020   Code   RO         4134    i.LCD_DrawString_2  tft.o
    0x0800225c   0x0000003a   Code   RO         4135    i.LCD_Fill          tft.o
    0x08002296   0x00000058   Code   RO         4136    i.LCD_Fill_Rectangle  tft.o
    0x080022ee   0x00000002   PAD
    0x080022f0   0x00000294   Code   RO         4138    i.LCD_Init          tft.o
    0x08002584   0x000003b4   Code   RO         4057    i.LCD_Input         page.o
    0x08002938   0x00000218   Code   RO         4058    i.LCD_Output        page.o
    0x08002b50   0x0000042c   Code   RO         4059    i.LCD_PI            page.o
    0x08002f7c   0x00000d4c   Code   RO         4060    i.LCD_Page          page.o
    0x08003cc8   0x00000080   Code   RO         4139    i.LCD_Putchar       tft.o
    0x08003d48   0x00000098   Code   RO         4140    i.LCD_Putchar_2     tft.o
    0x08003de0   0x00000044   Code   RO         4141    i.LCD_SendCommand   tft.o
    0x08003e24   0x0000001c   Code   RO         4142    i.LCD_SendData      tft.o
    0x08003e40   0x0000004c   Code   RO         4143    i.LCD_SetCursorPosition  tft.o
    0x08003e8c   0x00000154   Code   RO         4061    i.LCD_Synchro       page.o
    0x08003fe0   0x00000bf8   Code   RO         4062    i.LCD_Transforms    page.o
    0x08004bd8   0x00000724   Code   RO         4063    i.LCD_Transforms_setting  page.o
    0x080052fc   0x000002bc   Code   RO         3727    i.MX_GPIO_Init      main.o
    0x080055b8   0x00000044   Code   RO         3728    i.MX_SPI3_Init      main.o
    0x080055fc   0x00000038   Code   RO         3729    i.MX_TIM10_Init     main.o
    0x08005634   0x00000038   Code   RO         3730    i.MX_TIM11_Init     main.o
    0x0800566c   0x00000038   Code   RO         3731    i.MX_TIM14_Init     main.o
    0x080056a4   0x00000064   Code   RO         3732    i.MX_TIM2_Init      main.o
    0x08005708   0x00000064   Code   RO         3733    i.MX_TIM3_Init      main.o
    0x0800576c   0x00000064   Code   RO         3734    i.MX_TIM4_Init      main.o
    0x080057d0   0x00000064   Code   RO         3735    i.MX_TIM5_Init      main.o
    0x08005834   0x0000004c   Code   RO         3736    i.MX_TIM6_Init      main.o
    0x08005880   0x0000004c   Code   RO         3737    i.MX_TIM7_Init      main.o
    0x080058cc   0x00000030   Code   RO         3738    i.MX_TIM8_Init      main.o
    0x080058fc   0x0000002c   Code   RO         3739    i.MX_TIM9_Init      main.o
    0x08005928   0x00000004   Code   RO         3874    i.MemManage_Handler  stm32f4xx_it.o
    0x0800592c   0x00000002   Code   RO         3875    i.NMI_Handler       stm32f4xx_it.o
    0x0800592e   0x00000002   PAD
    0x08005930   0x00000010   Code   RO         3245    i.NVIC_GetPriorityGrouping  stm32f4xx_hal_cortex.o
    0x08005940   0x00000028   Code   RO         3246    i.NVIC_SetPriority  stm32f4xx_hal_cortex.o
    0x08005968   0x00000028   Code   RO         1520    i.SPI_CheckFlag_BSY  stm32f4xx_hal_spi.o
    0x08005990   0x000000aa   Code   RO         1536    i.SPI_WaitFlagStateUntilTimeout  stm32f4xx_hal_spi.o
    0x08005a3a   0x0000000a   Code   RO         3740    i.StartDefaultTask  main.o
    0x08005a44   0x0000000c   Code   RO         3876    i.SysTick_Handler   stm32f4xx_it.o
    0x08005a50   0x000000d0   Code   RO         3741    i.SystemClock_Config  main.o
    0x08005b20   0x00000064   Code   RO            5    i.SystemInit        system_stm32f4xx.o
    0x08005b84   0x00000010   Code   RO         3877    i.TIM1_UP_TIM10_IRQHandler  stm32f4xx_it.o
    0x08005b94   0x00000010   Code   RO         3878    i.TIM2_IRQHandler   stm32f4xx_it.o
    0x08005ba4   0x00000010   Code   RO         3879    i.TIM3_IRQHandler   stm32f4xx_it.o
    0x08005bb4   0x00000010   Code   RO         3880    i.TIM4_IRQHandler   stm32f4xx_it.o
    0x08005bc4   0x00000010   Code   RO         3881    i.TIM5_IRQHandler   stm32f4xx_it.o
    0x08005bd4   0x00000010   Code   RO         3882    i.TIM6_DAC_IRQHandler  stm32f4xx_it.o
    0x08005be4   0x00000010   Code   RO         3883    i.TIM7_IRQHandler   stm32f4xx_it.o
    0x08005bf4   0x00000018   Code   RO         3884    i.TIM8_TRG_COM_TIM14_IRQHandler  stm32f4xx_it.o
    0x08005c0c   0x00000010   Code   RO         3885    i.TIM8_UP_TIM13_IRQHandler  stm32f4xx_it.o
    0x08005c1c   0x000000e4   Code   RO         2092    i.TIM_Base_SetConfig  stm32f4xx_hal_tim.o
    0x08005d00   0x00000018   Code   RO         2099    i.TIM_ETR_SetConfig  stm32f4xx_hal_tim.o
    0x08005d18   0x00000014   Code   RO         2100    i.TIM_ITRx_SetConfig  stm32f4xx_hal_tim.o
    0x08005d2c   0x0000002a   Code   RO         2106    i.TIM_TI1_ConfigInputStage  stm32f4xx_hal_tim.o
    0x08005d56   0x0000002c   Code   RO         2108    i.TIM_TI2_ConfigInputStage  stm32f4xx_hal_tim.o
    0x08005d82   0x00000004   Code   RO         3886    i.UsageFault_Handler  stm32f4xx_it.o
    0x08005d86   0x00000002   PAD
    0x08005d88   0x00000028   Code   RO         4559    i.__0sprintf        mc_w.l(printfa.o)
    0x08005db0   0x0000000e   Code   RO         4633    i.__scatterload_copy  mc_w.l(handlers.o)
    0x08005dbe   0x00000002   Code   RO         4634    i.__scatterload_null  mc_w.l(handlers.o)
    0x08005dc0   0x0000000e   Code   RO         4635    i.__scatterload_zeroinit  mc_w.l(handlers.o)
    0x08005dce   0x00000002   PAD
    0x08005dd0   0x00000184   Code   RO         4564    i._fp_digits        mc_w.l(printfa.o)
    0x08005f54   0x000006dc   Code   RO         4565    i._printf_core      mc_w.l(printfa.o)
    0x08006630   0x00000024   Code   RO         4566    i._printf_post_padding  mc_w.l(printfa.o)
    0x08006654   0x0000002e   Code   RO         4567    i._printf_pre_padding  mc_w.l(printfa.o)
    0x08006682   0x000000e2   Code   RO         3742    i._show_page        main.o
    0x08006764   0x0000000a   Code   RO         4569    i._sputc            mc_w.l(printfa.o)
    0x0800676e   0x00000002   PAD
    0x08006770   0x00000144   Code   RO         3743    i.main              main.o
    0x080068b4   0x0000000e   Code   RO          149    i.makeFreeRtosPriority  cmsis_os.o
    0x080068c2   0x00000018   Code   RO          150    i.osDelay           cmsis_os.o
    0x080068da   0x0000000a   Code   RO          153    i.osKernelStart     cmsis_os.o
    0x080068e4   0x00000010   Code   RO          182    i.osSystickHandler  cmsis_os.o
    0x080068f4   0x0000003a   Code   RO          183    i.osThreadCreate    cmsis_os.o
    0x0800692e   0x00000002   PAD
    0x08006930   0x00000014   Code   RO         3744    i.pages_show        main.o
    0x08006944   0x00000054   Code   RO          828    i.prvAddCurrentTaskToDelayedList  tasks.o
    0x08006998   0x00000042   Code   RO          829    i.prvAllocateTCBAndStack  tasks.o
    0x080069da   0x00000002   PAD
    0x080069dc   0x00000064   Code   RO          830    i.prvCheckTasksWaitingTermination  tasks.o
    0x08006a40   0x00000012   Code   RO          831    i.prvDeleteTCB      tasks.o
    0x08006a52   0x00000002   PAD
    0x08006a54   0x0000007c   Code   RO         1300    i.prvHeapInit       heap_4.o
    0x08006ad0   0x00000028   Code   RO          832    i.prvIdleTask       tasks.o
    0x08006af8   0x00000062   Code   RO          833    i.prvInitialiseTCBVariables  tasks.o
    0x08006b5a   0x00000002   PAD
    0x08006b5c   0x00000068   Code   RO          834    i.prvInitialiseTaskLists  tasks.o
    0x08006bc4   0x00000068   Code   RO         1301    i.prvInsertBlockIntoFreeList  heap_4.o
    0x08006c2c   0x00000034   Code   RO          836    i.prvResetNextTaskUnblockTime  tasks.o
    0x08006c60   0x00000040   Code   RO          752    i.prvTaskExitError  port.o
    0x08006ca0   0x0000013c   Code   RO         1302    i.pvPortMalloc      heap_4.o
    0x08006ddc   0x00000028   Code   RO          753    i.pxPortInitialiseStack  port.o
    0x08006e04   0x00000014   Code   RO         4144    i.spi3_send         tft.o
    0x08006e18   0x00000028   Code   RO         1148    i.uxListRemove      list.o
    0x08006e40   0x0000001a   Code   RO         1149    i.vListInitialise   list.o
    0x08006e5a   0x00000006   Code   RO         1150    i.vListInitialiseItem  list.o
    0x08006e60   0x00000034   Code   RO         1151    i.vListInsert       list.o
    0x08006e94   0x00000018   Code   RO         1152    i.vListInsertEnd    list.o
    0x08006eac   0x00000054   Code   RO          755    i.vPortEnterCritical  port.o
    0x08006f00   0x0000003c   Code   RO          756    i.vPortExitCritical  port.o
    0x08006f3c   0x00000094   Code   RO         1303    i.vPortFree         heap_4.o
    0x08006fd0   0x00000020   Code   RO          757    i.vPortSetupTimerInterrupt  port.o
    0x08006ff0   0x0000008c   Code   RO          847    i.vTaskDelay        tasks.o
    0x0800707c   0x0000007c   Code   RO          859    i.vTaskStartScheduler  tasks.o
    0x080070f8   0x00000010   Code   RO          861    i.vTaskSuspendAll   tasks.o
    0x08007108   0x0000008c   Code   RO          862    i.vTaskSwitchContext  tasks.o
    0x08007194   0x0000013c   Code   RO          759    i.xPortStartScheduler  port.o
    0x080072d0   0x00000034   Code   RO          760    i.xPortSysTickHandler  port.o
    0x08007304   0x00000170   Code   RO          864    i.xTaskGenericCreate  tasks.o
    0x08007474   0x00000020   Code   RO          868    i.xTaskGetSchedulerState  tasks.o
    0x08007494   0x0000014c   Code   RO          871    i.xTaskIncrementTick  tasks.o
    0x080075e0   0x00000104   Code   RO          877    i.xTaskResumeAll    tasks.o
    0x080076e4   0x00000010   Data   RO         3371    .constdata          stm32f4xx_hal_rcc.o
    0x080076f4   0x00000028   Data   RO         3746    .constdata          main.o
    0x0800771c   0x000021a0   Data   RO         4145    .constdata          tft.o
    0x080098bc   0x00000010   Data   RO         3747    .conststring        main.o
    0x080098cc   0x00000020   Data   RO         4631    Region$$Table       anon$$obj.o


    Execution Region RW_IRAM1 (Base: 0x20000000, Size: 0x00004660, Max: 0x00030000, ABSOLUTE)

    Base Addr    Size         Type   Attr      Idx    E Section Name        Object

    0x20000000   0x00000004   Data   RW            7    .data               system_stm32f4xx.o
    0x20000004   0x0000000c   Data   RW          761    .data               port.o
    0x20000010   0x00000038   Data   RW          880    .data               tasks.o
    0x20000048   0x00000018   Data   RW         1308    .data               heap_4.o
    0x20000060   0x00000004   Data   RW         2670    .data               stm32f4xx_hal.o
    0x20000064   0x00000019   Data   RW         3748    .data               main.o
    0x2000007d   0x00000003   PAD
    0x20000080   0x0000003b   Data   RW         4064    .data               page.o
    0x200000bb   0x00000001   PAD
    0x200000bc   0x0000000c   Data   RW         4146    .data               tft.o
    0x200000c8   0x000000f0   Zero   RW          879    .bss                tasks.o
    0x200001b8   0x00003c00   Zero   RW         1307    .bss                heap_4.o
    0x20003db8   0x000004a8   Zero   RW         3745    .bss                main.o
    0x20004260   0x00000400   Zero   RW         4308    STACK               startup_stm32f429xx.o


==============================================================================

Image component sizes


      Code (inc. data)   RO Data    RW Data    ZI Data      Debug   Object Name

       122          0          0          0          0      23138   cmsis_os.o
         0          0          0          0          0       8280   croutine.o
       692         62          0         24      15360       7075   heap_4.o
       148          0          0          0          0       3442   list.o
      2372        190         56         25       1192      14905   main.o
     12412       1278          0         59          0      12505   page.o
       834         76          0         12          0       8336   port.o
         0          0          0          0          0       9756   queue.o
        36          8        428          0       1024        784   startup_stm32f429xx.o
       154         20          0          4          0       4267   stm32f4xx_hal.o
       338         22          0          0          0      31341   stm32f4xx_hal_cortex.o
       582         58          0          0          0       3532   stm32f4xx_hal_gpio.o
       862         60          0          0          0       3170   stm32f4xx_hal_msp.o
       164         12          0          0          0       1240   stm32f4xx_hal_pwr_ex.o
      1756         64         16          0          0       4465   stm32f4xx_hal_rcc.o
       772          0          0          0          0       3930   stm32f4xx_hal_spi.o
      1208         44          0          0          0       9871   stm32f4xx_hal_tim.o
       102          0          0          0          0       2258   stm32f4xx_hal_tim_ex.o
       196         56          0          0          0       7780   stm32f4xx_it.o
       100         18          0          4          0     735179   system_stm32f4xx.o
      1974        276          0         56        240      15557   tasks.o
      1382         62       8608         12          0       8869   tft.o

    ----------------------------------------------------------------------
     26226       2306       9140        200      17816     919680   Object Totals
         0          0         32          0          0          0   (incl. Generated)
        20          0          0          4          0          0   (incl. Padding)

    ----------------------------------------------------------------------

      Code (inc. data)   RO Data    RW Data    ZI Data      Debug   Library Member Name

         0          0          0          0          0          0   entry.o
         0          0          0          0          0          0   entry10a.o
         0          0          0          0          0          0   entry11a.o
         8          4          0          0          0          0   entry2.o
         4          0          0          0          0          0   entry5.o
         0          0          0          0          0          0   entry7b.o
         0          0          0          0          0          0   entry8b.o
         8          4          0          0          0          0   entry9a.o
        30          0          0          0          0          0   handlers.o
        36          8          0          0          0         68   init.o
         0          0          0          0          0          0   iusefp.o
        30          0          0          0          0         68   llshl.o
        36          0          0          0          0         68   llsshr.o
        32          0          0          0          0         68   llushr.o
        36          0          0          0          0         68   memcpya.o
        36          0          0          0          0        108   memseta.o
      2276         86          0          0          0        520   printfa.o
        44          0          0          0          0         80   uidiv.o
        98          0          0          0          0         92   uldiv.o
        48          0          0          0          0         68   cdrcmple.o
       334          0          0          0          0        148   dadd.o
       222          0          0          0          0        100   ddiv.o
       186          0          0          0          0        176   depilogue.o
        48          0          0          0          0         68   dfixul.o
       228          0          0          0          0         96   dmul.o
        38          0          0          0          0         68   f2d.o

    ----------------------------------------------------------------------
      3782        102          0          0          0       1864   Library Totals
         4          0          0          0          0          0   (incl. Padding)

    ----------------------------------------------------------------------

      Code (inc. data)   RO Data    RW Data    ZI Data      Debug   Library Name

      2674        102          0          0          0       1140   mc_w.l
      1104          0          0          0          0        724   mf_w.l

    ----------------------------------------------------------------------
      3782        102          0          0          0       1864   Library Totals

    ----------------------------------------------------------------------

==============================================================================


      Code (inc. data)   RO Data    RW Data    ZI Data      Debug   

     30008       2408       9140        200      17816     907212   Grand Totals
     30008       2408       9140        200      17816     907212   ELF Image Totals
     30008       2408       9140        200          0          0   ROM Totals

==============================================================================

    Total RO  Size (Code + RO Data)                39148 (  38.23kB)
    Total RW  Size (RW Data + ZI Data)             18016 (  17.59kB)
    Total ROM Size (Code + RO Data + RW Data)      39348 (  38.43kB)

==============================================================================

